[2m11:46:16 pm[22m [31m[1m[vite][22m[39m Pre-transform error: C:\Users\Prince yadav\OneDrive\Desktop\FloraAlchamy\Project_Source\Flora_Alchamy\src\main.jsx: Identifier 'React' has already been declared. (3:7)

[0m [90m 1 |[39m [36mimport[39m [33mReact[39m [36mfrom[39m [32m'react'[39m[33m;[39m
 [90m 2 |[39m [36mimport[39m [33mReactDOM[39m [36mfrom[39m [32m'react-dom/client'[39m[33m;[39m
[31m[1m>[22m[39m[90m 3 |[39m [36mimport[39m [33mReact[39m [36mfrom[39m [32m'react'[39m[33m;[39m
 [90m   |[39m        [31m[1m^[22m[39m
 [90m 4 |[39m [36mimport[39m [33mReactDOM[39m [36mfrom[39m [32m'react-dom/client'[39m[33m;[39m
 [90m 5 |[39m [36mimport[39m { [33mBrowserRouter[39m } [36mfrom[39m [32m'react-router-dom'[39m[33m;[39m
 [90m 6 |[39m [36mimport[39m [33mApp[39m [36mfrom[39m [32m'./App.jsx'[39m[33m;[39m[0m
  Plugin: [35mvite:react-babel[39m
  File: [36mC:/Users/Prince yadav/OneDrive/Desktop/FloraAlchamy/Project_Source/Flora_Alchamy/src/main.jsx[39m:3:7
[33m  1  |  import React from 'react';
  2  |  import ReactDOM from 'react-dom/client';
  3  |  import React from 'react';
     |           ^
  4  |  import ReactDOM from 'react-dom/client';
  5  |  import { BrowserRouter } from 'react-router-dom';[39m
[2m11:46:16 pm[22m [31m[1m[vite][22m[39m [31mInternal server error: C:\Users\Prince yadav\OneDrive\Desktop\FloraAlchamy\Project_Source\Flora_Alchamy\src\main.jsx: Identifier 'React' has already been declared. (3:7)

[0m [90m 1 |[31m [36mimport[31m [33mReact[31m [36mfrom[31m [32m'react'[31m[33m;[31m
 [90m 2 |[31m [36mimport[31m [33mReactDOM[31m [36mfrom[31m [32m'react-dom/client'[31m[33m;[31m
[31m[1m>[22m[31m[90m 3 |[31m [36mimport[31m [33mReact[31m [36mfrom[31m [32m'react'[31m[33m;[31m
 [90m   |[31m        [31m[1m^[22m[31m
 [90m 4 |[31m [36mimport[31m [33mReactDOM[31m [36mfrom[31m [32m'react-dom/client'[31m[33m;[31m
 [90m 5 |[31m [36mimport[31m { [33mBrowserRouter[31m } [36mfrom[31m [32m'react-router-dom'[31m[33m;[31m
 [90m 6 |[31m [36mimport[31m [33mApp[31m [36mfrom[31m [32m'./App.jsx'[31m[33m;[31m[0m[39m
  Plugin: [35mvite:react-babel[39m
  File: [36mC:/Users/Prince yadav/OneDrive/Desktop/FloraAlchamy/Project_Source/Flora_Alchamy/src/main.jsx[39m:3:7
[33m  1  |  import React from 'react';
  2  |  import ReactDOM from 'react-dom/client';
  3  |  import React from 'react';
     |           ^
  4  |  import ReactDOM from 'react-dom/client';
  5  |  import { BrowserRouter } from 'react-router-dom';[39m
      at constructor (C:\Users\Prince yadav\OneDrive\Desktop\FloraAlchamy\Project_Source\Flora_Alchamy\node_modules\@babel\parser\lib\index.js:369:19)
      at JSXParserMixin.raise (C:\Users\Prince yadav\OneDrive\Desktop\FloraAlchamy\Project_Source\Flora_Alchamy\node_modules\@babel\parser\lib\index.js:6620:19)
      at ScopeHandler.checkRedeclarationInScope (C:\Users\Prince yadav\OneDrive\Desktop\FloraAlchamy\Project_Source\Flora_Alchamy\node_modules\@babel\parser\lib\index.js:1623:19)
      at ScopeHandler.declareName (C:\Users\Prince yadav\OneDrive\Desktop\FloraAlchamy\Project_Source\Flora_Alchamy\node_modules\@babel\parser\lib\index.js:1589:12)
      at JSXParserMixin.declareNameFromIdentifier (C:\Users\Prince yadav\OneDrive\Desktop\FloraAlchamy\Project_Source\Flora_Alchamy\node_modules\@babel\parser\lib\index.js:7588:16)
      at JSXParserMixin.checkIdentifier (C:\Users\Prince yadav\OneDrive\Desktop\FloraAlchamy\Project_Source\Flora_Alchamy\node_modules\@babel\parser\lib\index.js:7584:12)
      at JSXParserMixin.checkLVal (C:\Users\Prince yadav\OneDrive\Desktop\FloraAlchamy\Project_Source\Flora_Alchamy\node_modules\@babel\parser\lib\index.js:7521:12)
      at JSXParserMixin.finishImportSpecifier (C:\Users\Prince yadav\OneDrive\Desktop\FloraAlchamy\Project_Source\Flora_Alchamy\node_modules\@babel\parser\lib\index.js:14295:10)
      at JSXParserMixin.parseImportSpecifierLocal (C:\Users\Prince yadav\OneDrive\Desktop\FloraAlchamy\Project_Source\Flora_Alchamy\node_modules\@babel\parser\lib\index.js:14292:31)
      at JSXParserMixin.maybeParseDefaultImportSpecifier (C:\Users\Prince yadav\OneDrive\Desktop\FloraAlchamy\Project_Source\Flora_Alchamy\node_modules\@babel\parser\lib\index.js:14395:12)
      at JSXParserMixin.parseImportSpecifiersAndAfter (C:\Users\Prince yadav\OneDrive\Desktop\FloraAlchamy\Project_Source\Flora_Alchamy\node_modules\@babel\parser\lib\index.js:14268:29)
      at JSXParserMixin.parseImport (C:\Users\Prince yadav\OneDrive\Desktop\FloraAlchamy\Project_Source\Flora_Alchamy\node_modules\@babel\parser\lib\index.js:14264:17)
      at JSXParserMixin.parseStatementContent (C:\Users\Prince yadav\OneDrive\Desktop\FloraAlchamy\Project_Source\Flora_Alchamy\node_modules\@babel\parser\lib\index.js:12905:27)
      at JSXParserMixin.parseStatementLike (C:\Users\Prince yadav\OneDrive\Desktop\FloraAlchamy\Project_Source\Flora_Alchamy\node_modules\@babel\parser\lib\index.js:12796:17)
      at JSXParserMixin.parseModuleItem (C:\Users\Prince yadav\OneDrive\Desktop\FloraAlchamy\Project_Source\Flora_Alchamy\node_modules\@babel\parser\lib\index.js:12773:17)
      at JSXParserMixin.parseBlockOrModuleBlockBody (C:\Users\Prince yadav\OneDrive\Desktop\FloraAlchamy\Project_Source\Flora_Alchamy\node_modules\@babel\parser\lib\index.js:13345:36)
      at JSXParserMixin.parseBlockBody (C:\Users\Prince yadav\OneDrive\Desktop\FloraAlchamy\Project_Source\Flora_Alchamy\node_modules\@babel\parser\lib\index.js:13338:10)
      at JSXParserMixin.parseProgram (C:\Users\Prince yadav\OneDrive\Desktop\FloraAlchamy\Project_Source\Flora_Alchamy\node_modules\@babel\parser\lib\index.js:12651:10)
      at JSXParserMixin.parseTopLevel (C:\Users\Prince yadav\OneDrive\Desktop\FloraAlchamy\Project_Source\Flora_Alchamy\node_modules\@babel\parser\lib\index.js:12641:25)
      at JSXParserMixin.parse (C:\Users\Prince yadav\OneDrive\Desktop\FloraAlchamy\Project_Source\Flora_Alchamy\node_modules\@babel\parser\lib\index.js:14517:25)
      at parse (C:\Users\Prince yadav\OneDrive\Desktop\FloraAlchamy\Project_Source\Flora_Alchamy\node_modules\@babel\parser\lib\index.js:14551:38)
      at parser (C:\Users\Prince yadav\OneDrive\Desktop\FloraAlchamy\Project_Source\Flora_Alchamy\node_modules\@babel\core\lib\parser\index.js:41:34)
      at parser.next (<anonymous>)
      at normalizeFile (C:\Users\Prince yadav\OneDrive\Desktop\FloraAlchamy\Project_Source\Flora_Alchamy\node_modules\@babel\core\lib\transformation\normalize-file.js:51:37)
      at normalizeFile.next (<anonymous>)
      at run (C:\Users\Prince yadav\OneDrive\Desktop\FloraAlchamy\Project_Source\Flora_Alchamy\node_modules\@babel\core\lib\transformation\index.js:22:50)
      at run.next (<anonymous>)
      at transform (C:\Users\Prince yadav\OneDrive\Desktop\FloraAlchamy\Project_Source\Flora_Alchamy\node_modules\@babel\core\lib\transform.js:22:33)
      at transform.next (<anonymous>)
      at step (C:\Users\Prince yadav\OneDrive\Desktop\FloraAlchamy\Project_Source\Flora_Alchamy\node_modules\gensync\index.js:261:32)
      at C:\Users\Prince yadav\OneDrive\Desktop\FloraAlchamy\Project_Source\Flora_Alchamy\node_modules\gensync\index.js:273:13
      at async.call.result.err.err (C:\Users\Prince yadav\OneDrive\Desktop\FloraAlchamy\Project_Source\Flora_Alchamy\node_modules\gensync\index.js:223:11)
      at C:\Users\Prince yadav\OneDrive\Desktop\FloraAlchamy\Project_Source\Flora_Alchamy\node_modules\gensync\index.js:189:28
      at C:\Users\Prince yadav\OneDrive\Desktop\FloraAlchamy\Project_Source\Flora_Alchamy\node_modules\@babel\core\lib\gensync-utils\async.js:67:7
      at C:\Users\Prince yadav\OneDrive\Desktop\FloraAlchamy\Project_Source\Flora_Alchamy\node_modules\gensync\index.js:113:33
      at step (C:\Users\Prince yadav\OneDrive\Desktop\FloraAlchamy\Project_Source\Flora_Alchamy\node_modules\gensync\index.js:287:14)
      at C:\Users\Prince yadav\OneDrive\Desktop\FloraAlchamy\Project_Source\Flora_Alchamy\node_modules\gensync\index.js:273:13
      at async.call.result.err.err (C:\Users\Prince yadav\OneDrive\Desktop\FloraAlchamy\Project_Source\Flora_Alchamy\node_modules\gensync\index.js:223:11)
[2m11:46:17 pm[22m [31m[1m[vite][22m[39m Pre-transform error: C:\Users\Prince yadav\OneDrive\Desktop\FloraAlchamy\Project_Source\Flora_Alchamy\src\main.jsx: Identifier 'React' has already been declared. (3:7)

[0m [90m 1 |[39m [36mimport[39m [33mReact[39m [36mfrom[39m [32m'react'[39m[33m;[39m
 [90m 2 |[39m [36mimport[39m [33mReactDOM[39m [36mfrom[39m [32m'react-dom/client'[39m[33m;[39m
[31m[1m>[22m[39m[90m 3 |[39m [36mimport[39m [33mReact[39m [36mfrom[39m [32m'react'[39m[33m;[39m
 [90m   |[39m        [31m[1m^[22m[39m
 [90m 4 |[39m [36mimport[39m [33mReactDOM[39m [36mfrom[39m [32m'react-dom/client'[39m[33m;[39m
 [90m 5 |[39m [36mimport[39m { [33mBrowserRouter[39m } [36mfrom[39m [32m'react-router-dom'[39m[33m;[39m
 [90m 6 |[39m [36mimport[39m [33mApp[39m [36mfrom[39m [32m'./App.jsx'[39m[33m;[39m[0m
  Plugin: [35mvite:react-babel[39m
  File: [36mC:/Users/Prince yadav/OneDrive/Desktop/FloraAlchamy/Project_Source/Flora_Alchamy/src/main.jsx[39m:3:7
[33m  1  |  import React from 'react';
  2  |  import ReactDOM from 'react-dom/client';
  3  |  import React from 'react';
     |           ^
  4  |  import ReactDOM from 'react-dom/client';
  5  |  import { BrowserRouter } from 'react-router-dom';[39m
[2m11:46:17 pm[22m [31m[1m[vite][22m[39m [31mInternal server error: C:\Users\Prince yadav\OneDrive\Desktop\FloraAlchamy\Project_Source\Flora_Alchamy\src\main.jsx: Identifier 'React' has already been declared. (3:7)

[0m [90m 1 |[31m [36mimport[31m [33mReact[31m [36mfrom[31m [32m'react'[31m[33m;[31m
 [90m 2 |[31m [36mimport[31m [33mReactDOM[31m [36mfrom[31m [32m'react-dom/client'[31m[33m;[31m
[31m[1m>[22m[31m[90m 3 |[31m [36mimport[31m [33mReact[31m [36mfrom[31m [32m'react'[31m[33m;[31m
 [90m   |[31m        [31m[1m^[22m[31m
 [90m 4 |[31m [36mimport[31m [33mReactDOM[31m [36mfrom[31m [32m'react-dom/client'[31m[33m;[31m
 [90m 5 |[31m [36mimport[31m { [33mBrowserRouter[31m } [36mfrom[31m [32m'react-router-dom'[31m[33m;[31m
 [90m 6 |[31m [36mimport[31m [33mApp[31m [36mfrom[31m [32m'./App.jsx'[31m[33m;[31m[0m[39m
  Plugin: [35mvite:react-babel[39m
  File: [36mC:/Users/Prince yadav/OneDrive/Desktop/FloraAlchamy/Project_Source/Flora_Alchamy/src/main.jsx[39m:3:7
[33m  1  |  import React from 'react';
  2  |  import ReactDOM from 'react-dom/client';
  3  |  import React from 'react';
     |           ^
  4  |  import ReactDOM from 'react-dom/client';
  5  |  import { BrowserRouter } from 'react-router-dom';[39m
      at constructor (C:\Users\Prince yadav\OneDrive\Desktop\FloraAlchamy\Project_Source\Flora_Alchamy\node_modules\@babel\parser\lib\index.js:369:19)
      at JSXParserMixin.raise (C:\Users\Prince yadav\OneDrive\Desktop\FloraAlchamy\Project_Source\Flora_Alchamy\node_modules\@babel\parser\lib\index.js:6620:19)
      at ScopeHandler.checkRedeclarationInScope (C:\Users\Prince yadav\OneDrive\Desktop\FloraAlchamy\Project_Source\Flora_Alchamy\node_modules\@babel\parser\lib\index.js:1623:19)
      at ScopeHandler.declareName (C:\Users\Prince yadav\OneDrive\Desktop\FloraAlchamy\Project_Source\Flora_Alchamy\node_modules\@babel\parser\lib\index.js:1589:12)
      at JSXParserMixin.declareNameFromIdentifier (C:\Users\Prince yadav\OneDrive\Desktop\FloraAlchamy\Project_Source\Flora_Alchamy\node_modules\@babel\parser\lib\index.js:7588:16)
      at JSXParserMixin.checkIdentifier (C:\Users\Prince yadav\OneDrive\Desktop\FloraAlchamy\Project_Source\Flora_Alchamy\node_modules\@babel\parser\lib\index.js:7584:12)
      at JSXParserMixin.checkLVal (C:\Users\Prince yadav\OneDrive\Desktop\FloraAlchamy\Project_Source\Flora_Alchamy\node_modules\@babel\parser\lib\index.js:7521:12)
      at JSXParserMixin.finishImportSpecifier (C:\Users\Prince yadav\OneDrive\Desktop\FloraAlchamy\Project_Source\Flora_Alchamy\node_modules\@babel\parser\lib\index.js:14295:10)
      at JSXParserMixin.parseImportSpecifierLocal (C:\Users\Prince yadav\OneDrive\Desktop\FloraAlchamy\Project_Source\Flora_Alchamy\node_modules\@babel\parser\lib\index.js:14292:31)
      at JSXParserMixin.maybeParseDefaultImportSpecifier (C:\Users\Prince yadav\OneDrive\Desktop\FloraAlchamy\Project_Source\Flora_Alchamy\node_modules\@babel\parser\lib\index.js:14395:12)
      at JSXParserMixin.parseImportSpecifiersAndAfter (C:\Users\Prince yadav\OneDrive\Desktop\FloraAlchamy\Project_Source\Flora_Alchamy\node_modules\@babel\parser\lib\index.js:14268:29)
      at JSXParserMixin.parseImport (C:\Users\Prince yadav\OneDrive\Desktop\FloraAlchamy\Project_Source\Flora_Alchamy\node_modules\@babel\parser\lib\index.js:14264:17)
      at JSXParserMixin.parseStatementContent (C:\Users\Prince yadav\OneDrive\Desktop\FloraAlchamy\Project_Source\Flora_Alchamy\node_modules\@babel\parser\lib\index.js:12905:27)
      at JSXParserMixin.parseStatementLike (C:\Users\Prince yadav\OneDrive\Desktop\FloraAlchamy\Project_Source\Flora_Alchamy\node_modules\@babel\parser\lib\index.js:12796:17)
      at JSXParserMixin.parseModuleItem (C:\Users\Prince yadav\OneDrive\Desktop\FloraAlchamy\Project_Source\Flora_Alchamy\node_modules\@babel\parser\lib\index.js:12773:17)
      at JSXParserMixin.parseBlockOrModuleBlockBody (C:\Users\Prince yadav\OneDrive\Desktop\FloraAlchamy\Project_Source\Flora_Alchamy\node_modules\@babel\parser\lib\index.js:13345:36)
      at JSXParserMixin.parseBlockBody (C:\Users\Prince yadav\OneDrive\Desktop\FloraAlchamy\Project_Source\Flora_Alchamy\node_modules\@babel\parser\lib\index.js:13338:10)
      at JSXParserMixin.parseProgram (C:\Users\Prince yadav\OneDrive\Desktop\FloraAlchamy\Project_Source\Flora_Alchamy\node_modules\@babel\parser\lib\index.js:12651:10)
      at JSXParserMixin.parseTopLevel (C:\Users\Prince yadav\OneDrive\Desktop\FloraAlchamy\Project_Source\Flora_Alchamy\node_modules\@babel\parser\lib\index.js:12641:25)
      at JSXParserMixin.parse (C:\Users\Prince yadav\OneDrive\Desktop\FloraAlchamy\Project_Source\Flora_Alchamy\node_modules\@babel\parser\lib\index.js:14517:25)
      at parse (C:\Users\Prince yadav\OneDrive\Desktop\FloraAlchamy\Project_Source\Flora_Alchamy\node_modules\@babel\parser\lib\index.js:14551:38)
      at parser (C:\Users\Prince yadav\OneDrive\Desktop\FloraAlchamy\Project_Source\Flora_Alchamy\node_modules\@babel\core\lib\parser\index.js:41:34)
      at parser.next (<anonymous>)
      at normalizeFile (C:\Users\Prince yadav\OneDrive\Desktop\FloraAlchamy\Project_Source\Flora_Alchamy\node_modules\@babel\core\lib\transformation\normalize-file.js:51:37)
      at normalizeFile.next (<anonymous>)
      at run (C:\Users\Prince yadav\OneDrive\Desktop\FloraAlchamy\Project_Source\Flora_Alchamy\node_modules\@babel\core\lib\transformation\index.js:22:50)
      at run.next (<anonymous>)
      at transform (C:\Users\Prince yadav\OneDrive\Desktop\FloraAlchamy\Project_Source\Flora_Alchamy\node_modules\@babel\core\lib\transform.js:22:33)
      at transform.next (<anonymous>)
      at step (C:\Users\Prince yadav\OneDrive\Desktop\FloraAlchamy\Project_Source\Flora_Alchamy\node_modules\gensync\index.js:261:32)
      at C:\Users\Prince yadav\OneDrive\Desktop\FloraAlchamy\Project_Source\Flora_Alchamy\node_modules\gensync\index.js:273:13
      at async.call.result.err.err (C:\Users\Prince yadav\OneDrive\Desktop\FloraAlchamy\Project_Source\Flora_Alchamy\node_modules\gensync\index.js:223:11)
      at C:\Users\Prince yadav\OneDrive\Desktop\FloraAlchamy\Project_Source\Flora_Alchamy\node_modules\gensync\index.js:189:28
      at C:\Users\Prince yadav\OneDrive\Desktop\FloraAlchamy\Project_Source\Flora_Alchamy\node_modules\@babel\core\lib\gensync-utils\async.js:67:7
      at C:\Users\Prince yadav\OneDrive\Desktop\FloraAlchamy\Project_Source\Flora_Alchamy\node_modules\gensync\index.js:113:33
      at step (C:\Users\Prince yadav\OneDrive\Desktop\FloraAlchamy\Project_Source\Flora_Alchamy\node_modules\gensync\index.js:287:14)
      at C:\Users\Prince yadav\OneDrive\Desktop\FloraAlchamy\Project_Source\Flora_Alchamy\node_modules\gensync\index.js:273:13
      at async.call.result.err.err (C:\Users\Prince yadav\OneDrive\Desktop\FloraAlchamy\Project_Source\Flora_Alchamy\node_modules\gensync\index.js:223:11)
[2m11:47:01 pm[22m [31m[1m[vite][22m[39m Pre-transform error: C:\Users\Prince yadav\OneDrive\Desktop\FloraAlchamy\Project_Source\Flora_Alchamy\src\main.jsx: Identifier 'React' has already been declared. (3:7)

[0m [90m 1 |[39m [36mimport[39m [33mReact[39m [36mfrom[39m [32m'react'[39m[33m;[39m
 [90m 2 |[39m [36mimport[39m [33mReactDOM[39m [36mfrom[39m [32m'react-dom/client'[39m[33m;[39m
[31m[1m>[22m[39m[90m 3 |[39m [36mimport[39m [33mReact[39m [36mfrom[39m [32m'react'[39m[33m;[39m
 [90m   |[39m        [31m[1m^[22m[39m
 [90m 4 |[39m [36mimport[39m [33mReactDOM[39m [36mfrom[39m [32m'react-dom/client'[39m[33m;[39m
 [90m 5 |[39m [36mimport[39m { [33mBrowserRouter[39m } [36mfrom[39m [32m'react-router-dom'[39m[33m;[39m
 [90m 6 |[39m [36mimport[39m [33mApp[39m [36mfrom[39m [32m'./App.jsx'[39m[33m;[39m[0m
  Plugin: [35mvite:react-babel[39m
  File: [36mC:/Users/Prince yadav/OneDrive/Desktop/FloraAlchamy/Project_Source/Flora_Alchamy/src/main.jsx[39m:3:7
[33m  1  |  import React from 'react';
  2  |  import ReactDOM from 'react-dom/client';
  3  |  import React from 'react';
     |           ^
  4  |  import ReactDOM from 'react-dom/client';
  5  |  import { BrowserRouter } from 'react-router-dom';[39m
[2m11:47:01 pm[22m [31m[1m[vite][22m[39m [31mInternal server error: C:\Users\Prince yadav\OneDrive\Desktop\FloraAlchamy\Project_Source\Flora_Alchamy\src\main.jsx: Identifier 'React' has already been declared. (3:7)

[0m [90m 1 |[31m [36mimport[31m [33mReact[31m [36mfrom[31m [32m'react'[31m[33m;[31m
 [90m 2 |[31m [36mimport[31m [33mReactDOM[31m [36mfrom[31m [32m'react-dom/client'[31m[33m;[31m
[31m[1m>[22m[31m[90m 3 |[31m [36mimport[31m [33mReact[31m [36mfrom[31m [32m'react'[31m[33m;[31m
 [90m   |[31m        [31m[1m^[22m[31m
 [90m 4 |[31m [36mimport[31m [33mReactDOM[31m [36mfrom[31m [32m'react-dom/client'[31m[33m;[31m
 [90m 5 |[31m [36mimport[31m { [33mBrowserRouter[31m } [36mfrom[31m [32m'react-router-dom'[31m[33m;[31m
 [90m 6 |[31m [36mimport[31m [33mApp[31m [36mfrom[31m [32m'./App.jsx'[31m[33m;[31m[0m[39m
  Plugin: [35mvite:react-babel[39m
  File: [36mC:/Users/Prince yadav/OneDrive/Desktop/FloraAlchamy/Project_Source/Flora_Alchamy/src/main.jsx[39m:3:7
[33m  1  |  import React from 'react';
  2  |  import ReactDOM from 'react-dom/client';
  3  |  import React from 'react';
     |           ^
  4  |  import ReactDOM from 'react-dom/client';
  5  |  import { BrowserRouter } from 'react-router-dom';[39m
      at constructor (C:\Users\Prince yadav\OneDrive\Desktop\FloraAlchamy\Project_Source\Flora_Alchamy\node_modules\@babel\parser\lib\index.js:369:19)
      at JSXParserMixin.raise (C:\Users\Prince yadav\OneDrive\Desktop\FloraAlchamy\Project_Source\Flora_Alchamy\node_modules\@babel\parser\lib\index.js:6620:19)
      at ScopeHandler.checkRedeclarationInScope (C:\Users\Prince yadav\OneDrive\Desktop\FloraAlchamy\Project_Source\Flora_Alchamy\node_modules\@babel\parser\lib\index.js:1623:19)
      at ScopeHandler.declareName (C:\Users\Prince yadav\OneDrive\Desktop\FloraAlchamy\Project_Source\Flora_Alchamy\node_modules\@babel\parser\lib\index.js:1589:12)
      at JSXParserMixin.declareNameFromIdentifier (C:\Users\Prince yadav\OneDrive\Desktop\FloraAlchamy\Project_Source\Flora_Alchamy\node_modules\@babel\parser\lib\index.js:7588:16)
      at JSXParserMixin.checkIdentifier (C:\Users\Prince yadav\OneDrive\Desktop\FloraAlchamy\Project_Source\Flora_Alchamy\node_modules\@babel\parser\lib\index.js:7584:12)
      at JSXParserMixin.checkLVal (C:\Users\Prince yadav\OneDrive\Desktop\FloraAlchamy\Project_Source\Flora_Alchamy\node_modules\@babel\parser\lib\index.js:7521:12)
      at JSXParserMixin.finishImportSpecifier (C:\Users\Prince yadav\OneDrive\Desktop\FloraAlchamy\Project_Source\Flora_Alchamy\node_modules\@babel\parser\lib\index.js:14295:10)
      at JSXParserMixin.parseImportSpecifierLocal (C:\Users\Prince yadav\OneDrive\Desktop\FloraAlchamy\Project_Source\Flora_Alchamy\node_modules\@babel\parser\lib\index.js:14292:31)
      at JSXParserMixin.maybeParseDefaultImportSpecifier (C:\Users\Prince yadav\OneDrive\Desktop\FloraAlchamy\Project_Source\Flora_Alchamy\node_modules\@babel\parser\lib\index.js:14395:12)
      at JSXParserMixin.parseImportSpecifiersAndAfter (C:\Users\Prince yadav\OneDrive\Desktop\FloraAlchamy\Project_Source\Flora_Alchamy\node_modules\@babel\parser\lib\index.js:14268:29)
      at JSXParserMixin.parseImport (C:\Users\Prince yadav\OneDrive\Desktop\FloraAlchamy\Project_Source\Flora_Alchamy\node_modules\@babel\parser\lib\index.js:14264:17)
      at JSXParserMixin.parseStatementContent (C:\Users\Prince yadav\OneDrive\Desktop\FloraAlchamy\Project_Source\Flora_Alchamy\node_modules\@babel\parser\lib\index.js:12905:27)
      at JSXParserMixin.parseStatementLike (C:\Users\Prince yadav\OneDrive\Desktop\FloraAlchamy\Project_Source\Flora_Alchamy\node_modules\@babel\parser\lib\index.js:12796:17)
      at JSXParserMixin.parseModuleItem (C:\Users\Prince yadav\OneDrive\Desktop\FloraAlchamy\Project_Source\Flora_Alchamy\node_modules\@babel\parser\lib\index.js:12773:17)
      at JSXParserMixin.parseBlockOrModuleBlockBody (C:\Users\Prince yadav\OneDrive\Desktop\FloraAlchamy\Project_Source\Flora_Alchamy\node_modules\@babel\parser\lib\index.js:13345:36)
      at JSXParserMixin.parseBlockBody (C:\Users\Prince yadav\OneDrive\Desktop\FloraAlchamy\Project_Source\Flora_Alchamy\node_modules\@babel\parser\lib\index.js:13338:10)
      at JSXParserMixin.parseProgram (C:\Users\Prince yadav\OneDrive\Desktop\FloraAlchamy\Project_Source\Flora_Alchamy\node_modules\@babel\parser\lib\index.js:12651:10)
      at JSXParserMixin.parseTopLevel (C:\Users\Prince yadav\OneDrive\Desktop\FloraAlchamy\Project_Source\Flora_Alchamy\node_modules\@babel\parser\lib\index.js:12641:25)
      at JSXParserMixin.parse (C:\Users\Prince yadav\OneDrive\Desktop\FloraAlchamy\Project_Source\Flora_Alchamy\node_modules\@babel\parser\lib\index.js:14517:25)
      at parse (C:\Users\Prince yadav\OneDrive\Desktop\FloraAlchamy\Project_Source\Flora_Alchamy\node_modules\@babel\parser\lib\index.js:14551:38)
      at parser (C:\Users\Prince yadav\OneDrive\Desktop\FloraAlchamy\Project_Source\Flora_Alchamy\node_modules\@babel\core\lib\parser\index.js:41:34)
      at parser.next (<anonymous>)
      at normalizeFile (C:\Users\Prince yadav\OneDrive\Desktop\FloraAlchamy\Project_Source\Flora_Alchamy\node_modules\@babel\core\lib\transformation\normalize-file.js:51:37)
      at normalizeFile.next (<anonymous>)
      at run (C:\Users\Prince yadav\OneDrive\Desktop\FloraAlchamy\Project_Source\Flora_Alchamy\node_modules\@babel\core\lib\transformation\index.js:22:50)
      at run.next (<anonymous>)
      at transform (C:\Users\Prince yadav\OneDrive\Desktop\FloraAlchamy\Project_Source\Flora_Alchamy\node_modules\@babel\core\lib\transform.js:22:33)
      at transform.next (<anonymous>)
      at step (C:\Users\Prince yadav\OneDrive\Desktop\FloraAlchamy\Project_Source\Flora_Alchamy\node_modules\gensync\index.js:261:32)
      at C:\Users\Prince yadav\OneDrive\Desktop\FloraAlchamy\Project_Source\Flora_Alchamy\node_modules\gensync\index.js:273:13
      at async.call.result.err.err (C:\Users\Prince yadav\OneDrive\Desktop\FloraAlchamy\Project_Source\Flora_Alchamy\node_modules\gensync\index.js:223:11)
      at C:\Users\Prince yadav\OneDrive\Desktop\FloraAlchamy\Project_Source\Flora_Alchamy\node_modules\gensync\index.js:189:28
      at C:\Users\Prince yadav\OneDrive\Desktop\FloraAlchamy\Project_Source\Flora_Alchamy\node_modules\@babel\core\lib\gensync-utils\async.js:67:7
      at C:\Users\Prince yadav\OneDrive\Desktop\FloraAlchamy\Project_Source\Flora_Alchamy\node_modules\gensync\index.js:113:33
      at step (C:\Users\Prince yadav\OneDrive\Desktop\FloraAlchamy\Project_Source\Flora_Alchamy\node_modules\gensync\index.js:287:14)
      at C:\Users\Prince yadav\OneDrive\Desktop\FloraAlchamy\Project_Source\Flora_Alchamy\node_modules\gensync\index.js:273:13
      at async.call.result.err.err (C:\Users\Prince yadav\OneDrive\Desktop\FloraAlchamy\Project_Source\Flora_Alchamy\node_modules\gensync\index.js:223:11)
[2m11:47:06 pm[22m [31m[1m[vite][22m[39m Pre-transform error: C:\Users\Prince yadav\OneDrive\Desktop\FloraAlchamy\Project_Source\Flora_Alchamy\src\main.jsx: Identifier 'React' has already been declared. (3:7)

[0m [90m 1 |[39m [36mimport[39m [33mReact[39m [36mfrom[39m [32m'react'[39m[33m;[39m
 [90m 2 |[39m [36mimport[39m [33mReactDOM[39m [36mfrom[39m [32m'react-dom/client'[39m[33m;[39m
[31m[1m>[22m[39m[90m 3 |[39m [36mimport[39m [33mReact[39m [36mfrom[39m [32m'react'[39m[33m;[39m
 [90m   |[39m        [31m[1m^[22m[39m
 [90m 4 |[39m [36mimport[39m [33mReactDOM[39m [36mfrom[39m [32m'react-dom/client'[39m[33m;[39m
 [90m 5 |[39m [36mimport[39m { [33mBrowserRouter[39m } [36mfrom[39m [32m'react-router-dom'[39m[33m;[39m
 [90m 6 |[39m [36mimport[39m [33mApp[39m [36mfrom[39m [32m'./App.jsx'[39m[33m;[39m[0m
  Plugin: [35mvite:react-babel[39m
  File: [36mC:/Users/Prince yadav/OneDrive/Desktop/FloraAlchamy/Project_Source/Flora_Alchamy/src/main.jsx[39m:3:7
[33m  1  |  import React from 'react';
  2  |  import ReactDOM from 'react-dom/client';
  3  |  import React from 'react';
     |           ^
  4  |  import ReactDOM from 'react-dom/client';
  5  |  import { BrowserRouter } from 'react-router-dom';[39m
[2m11:47:06 pm[22m [31m[1m[vite][22m[39m [31mInternal server error: C:\Users\Prince yadav\OneDrive\Desktop\FloraAlchamy\Project_Source\Flora_Alchamy\src\main.jsx: Identifier 'React' has already been declared. (3:7)

[0m [90m 1 |[31m [36mimport[31m [33mReact[31m [36mfrom[31m [32m'react'[31m[33m;[31m
 [90m 2 |[31m [36mimport[31m [33mReactDOM[31m [36mfrom[31m [32m'react-dom/client'[31m[33m;[31m
[31m[1m>[22m[31m[90m 3 |[31m [36mimport[31m [33mReact[31m [36mfrom[31m [32m'react'[31m[33m;[31m
 [90m   |[31m        [31m[1m^[22m[31m
 [90m 4 |[31m [36mimport[31m [33mReactDOM[31m [36mfrom[31m [32m'react-dom/client'[31m[33m;[31m
 [90m 5 |[31m [36mimport[31m { [33mBrowserRouter[31m } [36mfrom[31m [32m'react-router-dom'[31m[33m;[31m
 [90m 6 |[31m [36mimport[31m [33mApp[31m [36mfrom[31m [32m'./App.jsx'[31m[33m;[31m[0m[39m
  Plugin: [35mvite:react-babel[39m
  File: [36mC:/Users/Prince yadav/OneDrive/Desktop/FloraAlchamy/Project_Source/Flora_Alchamy/src/main.jsx[39m:3:7
[33m  1  |  import React from 'react';
  2  |  import ReactDOM from 'react-dom/client';
  3  |  import React from 'react';
     |           ^
  4  |  import ReactDOM from 'react-dom/client';
  5  |  import { BrowserRouter } from 'react-router-dom';[39m
      at constructor (C:\Users\Prince yadav\OneDrive\Desktop\FloraAlchamy\Project_Source\Flora_Alchamy\node_modules\@babel\parser\lib\index.js:369:19)
      at JSXParserMixin.raise (C:\Users\Prince yadav\OneDrive\Desktop\FloraAlchamy\Project_Source\Flora_Alchamy\node_modules\@babel\parser\lib\index.js:6620:19)
      at ScopeHandler.checkRedeclarationInScope (C:\Users\Prince yadav\OneDrive\Desktop\FloraAlchamy\Project_Source\Flora_Alchamy\node_modules\@babel\parser\lib\index.js:1623:19)
      at ScopeHandler.declareName (C:\Users\Prince yadav\OneDrive\Desktop\FloraAlchamy\Project_Source\Flora_Alchamy\node_modules\@babel\parser\lib\index.js:1589:12)
      at JSXParserMixin.declareNameFromIdentifier (C:\Users\Prince yadav\OneDrive\Desktop\FloraAlchamy\Project_Source\Flora_Alchamy\node_modules\@babel\parser\lib\index.js:7588:16)
      at JSXParserMixin.checkIdentifier (C:\Users\Prince yadav\OneDrive\Desktop\FloraAlchamy\Project_Source\Flora_Alchamy\node_modules\@babel\parser\lib\index.js:7584:12)
      at JSXParserMixin.checkLVal (C:\Users\Prince yadav\OneDrive\Desktop\FloraAlchamy\Project_Source\Flora_Alchamy\node_modules\@babel\parser\lib\index.js:7521:12)
      at JSXParserMixin.finishImportSpecifier (C:\Users\Prince yadav\OneDrive\Desktop\FloraAlchamy\Project_Source\Flora_Alchamy\node_modules\@babel\parser\lib\index.js:14295:10)
      at JSXParserMixin.parseImportSpecifierLocal (C:\Users\Prince yadav\OneDrive\Desktop\FloraAlchamy\Project_Source\Flora_Alchamy\node_modules\@babel\parser\lib\index.js:14292:31)
      at JSXParserMixin.maybeParseDefaultImportSpecifier (C:\Users\Prince yadav\OneDrive\Desktop\FloraAlchamy\Project_Source\Flora_Alchamy\node_modules\@babel\parser\lib\index.js:14395:12)
      at JSXParserMixin.parseImportSpecifiersAndAfter (C:\Users\Prince yadav\OneDrive\Desktop\FloraAlchamy\Project_Source\Flora_Alchamy\node_modules\@babel\parser\lib\index.js:14268:29)
      at JSXParserMixin.parseImport (C:\Users\Prince yadav\OneDrive\Desktop\FloraAlchamy\Project_Source\Flora_Alchamy\node_modules\@babel\parser\lib\index.js:14264:17)
      at JSXParserMixin.parseStatementContent (C:\Users\Prince yadav\OneDrive\Desktop\FloraAlchamy\Project_Source\Flora_Alchamy\node_modules\@babel\parser\lib\index.js:12905:27)
      at JSXParserMixin.parseStatementLike (C:\Users\Prince yadav\OneDrive\Desktop\FloraAlchamy\Project_Source\Flora_Alchamy\node_modules\@babel\parser\lib\index.js:12796:17)
      at JSXParserMixin.parseModuleItem (C:\Users\Prince yadav\OneDrive\Desktop\FloraAlchamy\Project_Source\Flora_Alchamy\node_modules\@babel\parser\lib\index.js:12773:17)
      at JSXParserMixin.parseBlockOrModuleBlockBody (C:\Users\Prince yadav\OneDrive\Desktop\FloraAlchamy\Project_Source\Flora_Alchamy\node_modules\@babel\parser\lib\index.js:13345:36)
      at JSXParserMixin.parseBlockBody (C:\Users\Prince yadav\OneDrive\Desktop\FloraAlchamy\Project_Source\Flora_Alchamy\node_modules\@babel\parser\lib\index.js:13338:10)
      at JSXParserMixin.parseProgram (C:\Users\Prince yadav\OneDrive\Desktop\FloraAlchamy\Project_Source\Flora_Alchamy\node_modules\@babel\parser\lib\index.js:12651:10)
      at JSXParserMixin.parseTopLevel (C:\Users\Prince yadav\OneDrive\Desktop\FloraAlchamy\Project_Source\Flora_Alchamy\node_modules\@babel\parser\lib\index.js:12641:25)
      at JSXParserMixin.parse (C:\Users\Prince yadav\OneDrive\Desktop\FloraAlchamy\Project_Source\Flora_Alchamy\node_modules\@babel\parser\lib\index.js:14517:25)
      at parse (C:\Users\Prince yadav\OneDrive\Desktop\FloraAlchamy\Project_Source\Flora_Alchamy\node_modules\@babel\parser\lib\index.js:14551:38)
      at parser (C:\Users\Prince yadav\OneDrive\Desktop\FloraAlchamy\Project_Source\Flora_Alchamy\node_modules\@babel\core\lib\parser\index.js:41:34)
      at parser.next (<anonymous>)
      at normalizeFile (C:\Users\Prince yadav\OneDrive\Desktop\FloraAlchamy\Project_Source\Flora_Alchamy\node_modules\@babel\core\lib\transformation\normalize-file.js:51:37)
      at normalizeFile.next (<anonymous>)
      at run (C:\Users\Prince yadav\OneDrive\Desktop\FloraAlchamy\Project_Source\Flora_Alchamy\node_modules\@babel\core\lib\transformation\index.js:22:50)
      at run.next (<anonymous>)
      at transform (C:\Users\Prince yadav\OneDrive\Desktop\FloraAlchamy\Project_Source\Flora_Alchamy\node_modules\@babel\core\lib\transform.js:22:33)
      at transform.next (<anonymous>)
      at step (C:\Users\Prince yadav\OneDrive\Desktop\FloraAlchamy\Project_Source\Flora_Alchamy\node_modules\gensync\index.js:261:32)
      at C:\Users\Prince yadav\OneDrive\Desktop\FloraAlchamy\Project_Source\Flora_Alchamy\node_modules\gensync\index.js:273:13
      at async.call.result.err.err (C:\Users\Prince yadav\OneDrive\Desktop\FloraAlchamy\Project_Source\Flora_Alchamy\node_modules\gensync\index.js:223:11)
      at C:\Users\Prince yadav\OneDrive\Desktop\FloraAlchamy\Project_Source\Flora_Alchamy\node_modules\gensync\index.js:189:28
      at C:\Users\Prince yadav\OneDrive\Desktop\FloraAlchamy\Project_Source\Flora_Alchamy\node_modules\@babel\core\lib\gensync-utils\async.js:67:7
      at C:\Users\Prince yadav\OneDrive\Desktop\FloraAlchamy\Project_Source\Flora_Alchamy\node_modules\gensync\index.js:113:33
      at step (C:\Users\Prince yadav\OneDrive\Desktop\FloraAlchamy\Project_Source\Flora_Alchamy\node_modules\gensync\index.js:287:14)
      at C:\Users\Prince yadav\OneDrive\Desktop\FloraAlchamy\Project_Source\Flora_Alchamy\node_modules\gensync\index.js:273:13
      at async.call.result.err.err (C:\Users\Prince yadav\OneDrive\Desktop\FloraAlchamy\Project_Source\Flora_Alchamy\node_modules\gensync\index.js:223:11)
[2m11:47:07 pm[22m [31m[1m[vite][22m[39m Pre-transform error: C:\Users\Prince yadav\OneDrive\Desktop\FloraAlchamy\Project_Source\Flora_Alchamy\src\main.jsx: Identifier 'React' has already been declared. (3:7)

[0m [90m 1 |[39m [36mimport[39m [33mReact[39m [36mfrom[39m [32m'react'[39m[33m;[39m
 [90m 2 |[39m [36mimport[39m [33mReactDOM[39m [36mfrom[39m [32m'react-dom/client'[39m[33m;[39m
[31m[1m>[22m[39m[90m 3 |[39m [36mimport[39m [33mReact[39m [36mfrom[39m [32m'react'[39m[33m;[39m
 [90m   |[39m        [31m[1m^[22m[39m
 [90m 4 |[39m [36mimport[39m [33mReactDOM[39m [36mfrom[39m [32m'react-dom/client'[39m[33m;[39m
 [90m 5 |[39m [36mimport[39m { [33mBrowserRouter[39m } [36mfrom[39m [32m'react-router-dom'[39m[33m;[39m
 [90m 6 |[39m [36mimport[39m [33mApp[39m [36mfrom[39m [32m'./App.jsx'[39m[33m;[39m[0m
  Plugin: [35mvite:react-babel[39m
  File: [36mC:/Users/Prince yadav/OneDrive/Desktop/FloraAlchamy/Project_Source/Flora_Alchamy/src/main.jsx[39m:3:7
[33m  1  |  import React from 'react';
  2  |  import ReactDOM from 'react-dom/client';
  3  |  import React from 'react';
     |           ^
  4  |  import ReactDOM from 'react-dom/client';
  5  |  import { BrowserRouter } from 'react-router-dom';[39m
[2m11:47:07 pm[22m [31m[1m[vite][22m[39m [31mInternal server error: C:\Users\Prince yadav\OneDrive\Desktop\FloraAlchamy\Project_Source\Flora_Alchamy\src\main.jsx: Identifier 'React' has already been declared. (3:7)

[0m [90m 1 |[31m [36mimport[31m [33mReact[31m [36mfrom[31m [32m'react'[31m[33m;[31m
 [90m 2 |[31m [36mimport[31m [33mReactDOM[31m [36mfrom[31m [32m'react-dom/client'[31m[33m;[31m
[31m[1m>[22m[31m[90m 3 |[31m [36mimport[31m [33mReact[31m [36mfrom[31m [32m'react'[31m[33m;[31m
 [90m   |[31m        [31m[1m^[22m[31m
 [90m 4 |[31m [36mimport[31m [33mReactDOM[31m [36mfrom[31m [32m'react-dom/client'[31m[33m;[31m
 [90m 5 |[31m [36mimport[31m { [33mBrowserRouter[31m } [36mfrom[31m [32m'react-router-dom'[31m[33m;[31m
 [90m 6 |[31m [36mimport[31m [33mApp[31m [36mfrom[31m [32m'./App.jsx'[31m[33m;[31m[0m[39m
  Plugin: [35mvite:react-babel[39m
  File: [36mC:/Users/Prince yadav/OneDrive/Desktop/FloraAlchamy/Project_Source/Flora_Alchamy/src/main.jsx[39m:3:7
[33m  1  |  import React from 'react';
  2  |  import ReactDOM from 'react-dom/client';
  3  |  import React from 'react';
     |           ^
  4  |  import ReactDOM from 'react-dom/client';
  5  |  import { BrowserRouter } from 'react-router-dom';[39m
      at constructor (C:\Users\Prince yadav\OneDrive\Desktop\FloraAlchamy\Project_Source\Flora_Alchamy\node_modules\@babel\parser\lib\index.js:369:19)
      at JSXParserMixin.raise (C:\Users\Prince yadav\OneDrive\Desktop\FloraAlchamy\Project_Source\Flora_Alchamy\node_modules\@babel\parser\lib\index.js:6620:19)
      at ScopeHandler.checkRedeclarationInScope (C:\Users\Prince yadav\OneDrive\Desktop\FloraAlchamy\Project_Source\Flora_Alchamy\node_modules\@babel\parser\lib\index.js:1623:19)
      at ScopeHandler.declareName (C:\Users\Prince yadav\OneDrive\Desktop\FloraAlchamy\Project_Source\Flora_Alchamy\node_modules\@babel\parser\lib\index.js:1589:12)
      at JSXParserMixin.declareNameFromIdentifier (C:\Users\Prince yadav\OneDrive\Desktop\FloraAlchamy\Project_Source\Flora_Alchamy\node_modules\@babel\parser\lib\index.js:7588:16)
      at JSXParserMixin.checkIdentifier (C:\Users\Prince yadav\OneDrive\Desktop\FloraAlchamy\Project_Source\Flora_Alchamy\node_modules\@babel\parser\lib\index.js:7584:12)
      at JSXParserMixin.checkLVal (C:\Users\Prince yadav\OneDrive\Desktop\FloraAlchamy\Project_Source\Flora_Alchamy\node_modules\@babel\parser\lib\index.js:7521:12)
      at JSXParserMixin.finishImportSpecifier (C:\Users\Prince yadav\OneDrive\Desktop\FloraAlchamy\Project_Source\Flora_Alchamy\node_modules\@babel\parser\lib\index.js:14295:10)
      at JSXParserMixin.parseImportSpecifierLocal (C:\Users\Prince yadav\OneDrive\Desktop\FloraAlchamy\Project_Source\Flora_Alchamy\node_modules\@babel\parser\lib\index.js:14292:31)
      at JSXParserMixin.maybeParseDefaultImportSpecifier (C:\Users\Prince yadav\OneDrive\Desktop\FloraAlchamy\Project_Source\Flora_Alchamy\node_modules\@babel\parser\lib\index.js:14395:12)
      at JSXParserMixin.parseImportSpecifiersAndAfter (C:\Users\Prince yadav\OneDrive\Desktop\FloraAlchamy\Project_Source\Flora_Alchamy\node_modules\@babel\parser\lib\index.js:14268:29)
      at JSXParserMixin.parseImport (C:\Users\Prince yadav\OneDrive\Desktop\FloraAlchamy\Project_Source\Flora_Alchamy\node_modules\@babel\parser\lib\index.js:14264:17)
      at JSXParserMixin.parseStatementContent (C:\Users\Prince yadav\OneDrive\Desktop\FloraAlchamy\Project_Source\Flora_Alchamy\node_modules\@babel\parser\lib\index.js:12905:27)
      at JSXParserMixin.parseStatementLike (C:\Users\Prince yadav\OneDrive\Desktop\FloraAlchamy\Project_Source\Flora_Alchamy\node_modules\@babel\parser\lib\index.js:12796:17)
      at JSXParserMixin.parseModuleItem (C:\Users\Prince yadav\OneDrive\Desktop\FloraAlchamy\Project_Source\Flora_Alchamy\node_modules\@babel\parser\lib\index.js:12773:17)
      at JSXParserMixin.parseBlockOrModuleBlockBody (C:\Users\Prince yadav\OneDrive\Desktop\FloraAlchamy\Project_Source\Flora_Alchamy\node_modules\@babel\parser\lib\index.js:13345:36)
      at JSXParserMixin.parseBlockBody (C:\Users\Prince yadav\OneDrive\Desktop\FloraAlchamy\Project_Source\Flora_Alchamy\node_modules\@babel\parser\lib\index.js:13338:10)
      at JSXParserMixin.parseProgram (C:\Users\Prince yadav\OneDrive\Desktop\FloraAlchamy\Project_Source\Flora_Alchamy\node_modules\@babel\parser\lib\index.js:12651:10)
      at JSXParserMixin.parseTopLevel (C:\Users\Prince yadav\OneDrive\Desktop\FloraAlchamy\Project_Source\Flora_Alchamy\node_modules\@babel\parser\lib\index.js:12641:25)
      at JSXParserMixin.parse (C:\Users\Prince yadav\OneDrive\Desktop\FloraAlchamy\Project_Source\Flora_Alchamy\node_modules\@babel\parser\lib\index.js:14517:25)
      at parse (C:\Users\Prince yadav\OneDrive\Desktop\FloraAlchamy\Project_Source\Flora_Alchamy\node_modules\@babel\parser\lib\index.js:14551:38)
      at parser (C:\Users\Prince yadav\OneDrive\Desktop\FloraAlchamy\Project_Source\Flora_Alchamy\node_modules\@babel\core\lib\parser\index.js:41:34)
      at parser.next (<anonymous>)
      at normalizeFile (C:\Users\Prince yadav\OneDrive\Desktop\FloraAlchamy\Project_Source\Flora_Alchamy\node_modules\@babel\core\lib\transformation\normalize-file.js:51:37)
      at normalizeFile.next (<anonymous>)
      at run (C:\Users\Prince yadav\OneDrive\Desktop\FloraAlchamy\Project_Source\Flora_Alchamy\node_modules\@babel\core\lib\transformation\index.js:22:50)
      at run.next (<anonymous>)
      at transform (C:\Users\Prince yadav\OneDrive\Desktop\FloraAlchamy\Project_Source\Flora_Alchamy\node_modules\@babel\core\lib\transform.js:22:33)
      at transform.next (<anonymous>)
      at step (C:\Users\Prince yadav\OneDrive\Desktop\FloraAlchamy\Project_Source\Flora_Alchamy\node_modules\gensync\index.js:261:32)
      at C:\Users\Prince yadav\OneDrive\Desktop\FloraAlchamy\Project_Source\Flora_Alchamy\node_modules\gensync\index.js:273:13
      at async.call.result.err.err (C:\Users\Prince yadav\OneDrive\Desktop\FloraAlchamy\Project_Source\Flora_Alchamy\node_modules\gensync\index.js:223:11)
      at C:\Users\Prince yadav\OneDrive\Desktop\FloraAlchamy\Project_Source\Flora_Alchamy\node_modules\gensync\index.js:189:28
      at C:\Users\Prince yadav\OneDrive\Desktop\FloraAlchamy\Project_Source\Flora_Alchamy\node_modules\@babel\core\lib\gensync-utils\async.js:67:7
      at C:\Users\Prince yadav\OneDrive\Desktop\FloraAlchamy\Project_Source\Flora_Alchamy\node_modules\gensync\index.js:113:33
      at step (C:\Users\Prince yadav\OneDrive\Desktop\FloraAlchamy\Project_Source\Flora_Alchamy\node_modules\gensync\index.js:287:14)
      at C:\Users\Prince yadav\OneDrive\Desktop\FloraAlchamy\Project_Source\Flora_Alchamy\node_modules\gensync\index.js:273:13
      at async.call.result.err.err (C:\Users\Prince yadav\OneDrive\Desktop\FloraAlchamy\Project_Source\Flora_Alchamy\node_modules\gensync\index.js:223:11)
[2m11:47:12 pm[22m [31m[1m[vite][22m[39m Pre-transform error: C:\Users\Prince yadav\OneDrive\Desktop\FloraAlchamy\Project_Source\Flora_Alchamy\src\main.jsx: Identifier 'React' has already been declared. (3:7)

[0m [90m 1 |[39m [36mimport[39m [33mReact[39m [36mfrom[39m [32m'react'[39m[33m;[39m
 [90m 2 |[39m [36mimport[39m [33mReactDOM[39m [36mfrom[39m [32m'react-dom/client'[39m[33m;[39m
[31m[1m>[22m[39m[90m 3 |[39m [36mimport[39m [33mReact[39m [36mfrom[39m [32m'react'[39m[33m;[39m
 [90m   |[39m        [31m[1m^[22m[39m
 [90m 4 |[39m [36mimport[39m [33mReactDOM[39m [36mfrom[39m [32m'react-dom/client'[39m[33m;[39m
 [90m 5 |[39m [36mimport[39m { [33mBrowserRouter[39m } [36mfrom[39m [32m'react-router-dom'[39m[33m;[39m
 [90m 6 |[39m [36mimport[39m [33mApp[39m [36mfrom[39m [32m'./App.jsx'[39m[33m;[39m[0m
  Plugin: [35mvite:react-babel[39m
  File: [36mC:/Users/Prince yadav/OneDrive/Desktop/FloraAlchamy/Project_Source/Flora_Alchamy/src/main.jsx[39m:3:7
[33m  1  |  import React from 'react';
  2  |  import ReactDOM from 'react-dom/client';
  3  |  import React from 'react';
     |           ^
  4  |  import ReactDOM from 'react-dom/client';
  5  |  import { BrowserRouter } from 'react-router-dom';[39m
[2m11:47:12 pm[22m [31m[1m[vite][22m[39m [31mInternal server error: C:\Users\Prince yadav\OneDrive\Desktop\FloraAlchamy\Project_Source\Flora_Alchamy\src\main.jsx: Identifier 'React' has already been declared. (3:7)

[0m [90m 1 |[31m [36mimport[31m [33mReact[31m [36mfrom[31m [32m'react'[31m[33m;[31m
 [90m 2 |[31m [36mimport[31m [33mReactDOM[31m [36mfrom[31m [32m'react-dom/client'[31m[33m;[31m
[31m[1m>[22m[31m[90m 3 |[31m [36mimport[31m [33mReact[31m [36mfrom[31m [32m'react'[31m[33m;[31m
 [90m   |[31m        [31m[1m^[22m[31m
 [90m 4 |[31m [36mimport[31m [33mReactDOM[31m [36mfrom[31m [32m'react-dom/client'[31m[33m;[31m
 [90m 5 |[31m [36mimport[31m { [33mBrowserRouter[31m } [36mfrom[31m [32m'react-router-dom'[31m[33m;[31m
 [90m 6 |[31m [36mimport[31m [33mApp[31m [36mfrom[31m [32m'./App.jsx'[31m[33m;[31m[0m[39m
  Plugin: [35mvite:react-babel[39m
  File: [36mC:/Users/Prince yadav/OneDrive/Desktop/FloraAlchamy/Project_Source/Flora_Alchamy/src/main.jsx[39m:3:7
[33m  1  |  import React from 'react';
  2  |  import ReactDOM from 'react-dom/client';
  3  |  import React from 'react';
     |           ^
  4  |  import ReactDOM from 'react-dom/client';
  5  |  import { BrowserRouter } from 'react-router-dom';[39m
      at constructor (C:\Users\Prince yadav\OneDrive\Desktop\FloraAlchamy\Project_Source\Flora_Alchamy\node_modules\@babel\parser\lib\index.js:369:19)
      at JSXParserMixin.raise (C:\Users\Prince yadav\OneDrive\Desktop\FloraAlchamy\Project_Source\Flora_Alchamy\node_modules\@babel\parser\lib\index.js:6620:19)
      at ScopeHandler.checkRedeclarationInScope (C:\Users\Prince yadav\OneDrive\Desktop\FloraAlchamy\Project_Source\Flora_Alchamy\node_modules\@babel\parser\lib\index.js:1623:19)
      at ScopeHandler.declareName (C:\Users\Prince yadav\OneDrive\Desktop\FloraAlchamy\Project_Source\Flora_Alchamy\node_modules\@babel\parser\lib\index.js:1589:12)
      at JSXParserMixin.declareNameFromIdentifier (C:\Users\Prince yadav\OneDrive\Desktop\FloraAlchamy\Project_Source\Flora_Alchamy\node_modules\@babel\parser\lib\index.js:7588:16)
      at JSXParserMixin.checkIdentifier (C:\Users\Prince yadav\OneDrive\Desktop\FloraAlchamy\Project_Source\Flora_Alchamy\node_modules\@babel\parser\lib\index.js:7584:12)
      at JSXParserMixin.checkLVal (C:\Users\Prince yadav\OneDrive\Desktop\FloraAlchamy\Project_Source\Flora_Alchamy\node_modules\@babel\parser\lib\index.js:7521:12)
      at JSXParserMixin.finishImportSpecifier (C:\Users\Prince yadav\OneDrive\Desktop\FloraAlchamy\Project_Source\Flora_Alchamy\node_modules\@babel\parser\lib\index.js:14295:10)
      at JSXParserMixin.parseImportSpecifierLocal (C:\Users\Prince yadav\OneDrive\Desktop\FloraAlchamy\Project_Source\Flora_Alchamy\node_modules\@babel\parser\lib\index.js:14292:31)
      at JSXParserMixin.maybeParseDefaultImportSpecifier (C:\Users\Prince yadav\OneDrive\Desktop\FloraAlchamy\Project_Source\Flora_Alchamy\node_modules\@babel\parser\lib\index.js:14395:12)
      at JSXParserMixin.parseImportSpecifiersAndAfter (C:\Users\Prince yadav\OneDrive\Desktop\FloraAlchamy\Project_Source\Flora_Alchamy\node_modules\@babel\parser\lib\index.js:14268:29)
      at JSXParserMixin.parseImport (C:\Users\Prince yadav\OneDrive\Desktop\FloraAlchamy\Project_Source\Flora_Alchamy\node_modules\@babel\parser\lib\index.js:14264:17)
      at JSXParserMixin.parseStatementContent (C:\Users\Prince yadav\OneDrive\Desktop\FloraAlchamy\Project_Source\Flora_Alchamy\node_modules\@babel\parser\lib\index.js:12905:27)
      at JSXParserMixin.parseStatementLike (C:\Users\Prince yadav\OneDrive\Desktop\FloraAlchamy\Project_Source\Flora_Alchamy\node_modules\@babel\parser\lib\index.js:12796:17)
      at JSXParserMixin.parseModuleItem (C:\Users\Prince yadav\OneDrive\Desktop\FloraAlchamy\Project_Source\Flora_Alchamy\node_modules\@babel\parser\lib\index.js:12773:17)
      at JSXParserMixin.parseBlockOrModuleBlockBody (C:\Users\Prince yadav\OneDrive\Desktop\FloraAlchamy\Project_Source\Flora_Alchamy\node_modules\@babel\parser\lib\index.js:13345:36)
      at JSXParserMixin.parseBlockBody (C:\Users\Prince yadav\OneDrive\Desktop\FloraAlchamy\Project_Source\Flora_Alchamy\node_modules\@babel\parser\lib\index.js:13338:10)
      at JSXParserMixin.parseProgram (C:\Users\Prince yadav\OneDrive\Desktop\FloraAlchamy\Project_Source\Flora_Alchamy\node_modules\@babel\parser\lib\index.js:12651:10)
      at JSXParserMixin.parseTopLevel (C:\Users\Prince yadav\OneDrive\Desktop\FloraAlchamy\Project_Source\Flora_Alchamy\node_modules\@babel\parser\lib\index.js:12641:25)
      at JSXParserMixin.parse (C:\Users\Prince yadav\OneDrive\Desktop\FloraAlchamy\Project_Source\Flora_Alchamy\node_modules\@babel\parser\lib\index.js:14517:25)
      at parse (C:\Users\Prince yadav\OneDrive\Desktop\FloraAlchamy\Project_Source\Flora_Alchamy\node_modules\@babel\parser\lib\index.js:14551:38)
      at parser (C:\Users\Prince yadav\OneDrive\Desktop\FloraAlchamy\Project_Source\Flora_Alchamy\node_modules\@babel\core\lib\parser\index.js:41:34)
      at parser.next (<anonymous>)
      at normalizeFile (C:\Users\Prince yadav\OneDrive\Desktop\FloraAlchamy\Project_Source\Flora_Alchamy\node_modules\@babel\core\lib\transformation\normalize-file.js:51:37)
      at normalizeFile.next (<anonymous>)
      at run (C:\Users\Prince yadav\OneDrive\Desktop\FloraAlchamy\Project_Source\Flora_Alchamy\node_modules\@babel\core\lib\transformation\index.js:22:50)
      at run.next (<anonymous>)
      at transform (C:\Users\Prince yadav\OneDrive\Desktop\FloraAlchamy\Project_Source\Flora_Alchamy\node_modules\@babel\core\lib\transform.js:22:33)
      at transform.next (<anonymous>)
      at step (C:\Users\Prince yadav\OneDrive\Desktop\FloraAlchamy\Project_Source\Flora_Alchamy\node_modules\gensync\index.js:261:32)
      at C:\Users\Prince yadav\OneDrive\Desktop\FloraAlchamy\Project_Source\Flora_Alchamy\node_modules\gensync\index.js:273:13
      at async.call.result.err.err (C:\Users\Prince yadav\OneDrive\Desktop\FloraAlchamy\Project_Source\Flora_Alchamy\node_modules\gensync\index.js:223:11)
      at C:\Users\Prince yadav\OneDrive\Desktop\FloraAlchamy\Project_Source\Flora_Alchamy\node_modules\gensync\index.js:189:28
      at C:\Users\Prince yadav\OneDrive\Desktop\FloraAlchamy\Project_Source\Flora_Alchamy\node_modules\@babel\core\lib\gensync-utils\async.js:67:7
      at C:\Users\Prince yadav\OneDrive\Desktop\FloraAlchamy\Project_Source\Flora_Alchamy\node_modules\gensync\index.js:113:33
      at step (C:\Users\Prince yadav\OneDrive\Desktop\FloraAlchamy\Project_Source\Flora_Alchamy\node_modules\gensync\index.js:287:14)
      at C:\Users\Prince yadav\OneDrive\Desktop\FloraAlchamy\Project_Source\Flora_Alchamy\node_modules\gensync\index.js:273:13
      at async.call.result.err.err (C:\Users\Prince yadav\OneDrive\Desktop\FloraAlchamy\Project_Source\Flora_Alchamy\node_modules\gensync\index.js:223:11)
[2m11:47:17 pm[22m [31m[1m[vite][22m[39m Pre-transform error: C:\Users\Prince yadav\OneDrive\Desktop\FloraAlchamy\Project_Source\Flora_Alchamy\src\main.jsx: Identifier 'React' has already been declared. (3:7)

[0m [90m 1 |[39m [36mimport[39m [33mReact[39m [36mfrom[39m [32m'react'[39m[33m;[39m
 [90m 2 |[39m [36mimport[39m [33mReactDOM[39m [36mfrom[39m [32m'react-dom/client'[39m[33m;[39m
[31m[1m>[22m[39m[90m 3 |[39m [36mimport[39m [33mReact[39m [36mfrom[39m [32m'react'[39m[33m;[39m
 [90m   |[39m        [31m[1m^[22m[39m
 [90m 4 |[39m [36mimport[39m [33mReactDOM[39m [36mfrom[39m [32m'react-dom/client'[39m[33m;[39m
 [90m 5 |[39m [36mimport[39m { [33mBrowserRouter[39m } [36mfrom[39m [32m'react-router-dom'[39m[33m;[39m
 [90m 6 |[39m [36mimport[39m [33mApp[39m [36mfrom[39m [32m'./App.jsx'[39m[33m;[39m[0m
  Plugin: [35mvite:react-babel[39m
  File: [36mC:/Users/Prince yadav/OneDrive/Desktop/FloraAlchamy/Project_Source/Flora_Alchamy/src/main.jsx[39m:3:7
[33m  1  |  import React from 'react';
  2  |  import ReactDOM from 'react-dom/client';
  3  |  import React from 'react';
     |           ^
  4  |  import ReactDOM from 'react-dom/client';
  5  |  import { BrowserRouter } from 'react-router-dom';[39m
[2m11:47:17 pm[22m [31m[1m[vite][22m[39m [31mInternal server error: C:\Users\Prince yadav\OneDrive\Desktop\FloraAlchamy\Project_Source\Flora_Alchamy\src\main.jsx: Identifier 'React' has already been declared. (3:7)

[0m [90m 1 |[31m [36mimport[31m [33mReact[31m [36mfrom[31m [32m'react'[31m[33m;[31m
 [90m 2 |[31m [36mimport[31m [33mReactDOM[31m [36mfrom[31m [32m'react-dom/client'[31m[33m;[31m
[31m[1m>[22m[31m[90m 3 |[31m [36mimport[31m [33mReact[31m [36mfrom[31m [32m'react'[31m[33m;[31m
 [90m   |[31m        [31m[1m^[22m[31m
 [90m 4 |[31m [36mimport[31m [33mReactDOM[31m [36mfrom[31m [32m'react-dom/client'[31m[33m;[31m
 [90m 5 |[31m [36mimport[31m { [33mBrowserRouter[31m } [36mfrom[31m [32m'react-router-dom'[31m[33m;[31m
 [90m 6 |[31m [36mimport[31m [33mApp[31m [36mfrom[31m [32m'./App.jsx'[31m[33m;[31m[0m[39m
  Plugin: [35mvite:react-babel[39m
  File: [36mC:/Users/Prince yadav/OneDrive/Desktop/FloraAlchamy/Project_Source/Flora_Alchamy/src/main.jsx[39m:3:7
[33m  1  |  import React from 'react';
  2  |  import ReactDOM from 'react-dom/client';
  3  |  import React from 'react';
     |           ^
  4  |  import ReactDOM from 'react-dom/client';
  5  |  import { BrowserRouter } from 'react-router-dom';[39m
      at constructor (C:\Users\Prince yadav\OneDrive\Desktop\FloraAlchamy\Project_Source\Flora_Alchamy\node_modules\@babel\parser\lib\index.js:369:19)
      at JSXParserMixin.raise (C:\Users\Prince yadav\OneDrive\Desktop\FloraAlchamy\Project_Source\Flora_Alchamy\node_modules\@babel\parser\lib\index.js:6620:19)
      at ScopeHandler.checkRedeclarationInScope (C:\Users\Prince yadav\OneDrive\Desktop\FloraAlchamy\Project_Source\Flora_Alchamy\node_modules\@babel\parser\lib\index.js:1623:19)
      at ScopeHandler.declareName (C:\Users\Prince yadav\OneDrive\Desktop\FloraAlchamy\Project_Source\Flora_Alchamy\node_modules\@babel\parser\lib\index.js:1589:12)
      at JSXParserMixin.declareNameFromIdentifier (C:\Users\Prince yadav\OneDrive\Desktop\FloraAlchamy\Project_Source\Flora_Alchamy\node_modules\@babel\parser\lib\index.js:7588:16)
      at JSXParserMixin.checkIdentifier (C:\Users\Prince yadav\OneDrive\Desktop\FloraAlchamy\Project_Source\Flora_Alchamy\node_modules\@babel\parser\lib\index.js:7584:12)
      at JSXParserMixin.checkLVal (C:\Users\Prince yadav\OneDrive\Desktop\FloraAlchamy\Project_Source\Flora_Alchamy\node_modules\@babel\parser\lib\index.js:7521:12)
      at JSXParserMixin.finishImportSpecifier (C:\Users\Prince yadav\OneDrive\Desktop\FloraAlchamy\Project_Source\Flora_Alchamy\node_modules\@babel\parser\lib\index.js:14295:10)
      at JSXParserMixin.parseImportSpecifierLocal (C:\Users\Prince yadav\OneDrive\Desktop\FloraAlchamy\Project_Source\Flora_Alchamy\node_modules\@babel\parser\lib\index.js:14292:31)
      at JSXParserMixin.maybeParseDefaultImportSpecifier (C:\Users\Prince yadav\OneDrive\Desktop\FloraAlchamy\Project_Source\Flora_Alchamy\node_modules\@babel\parser\lib\index.js:14395:12)
      at JSXParserMixin.parseImportSpecifiersAndAfter (C:\Users\Prince yadav\OneDrive\Desktop\FloraAlchamy\Project_Source\Flora_Alchamy\node_modules\@babel\parser\lib\index.js:14268:29)
      at JSXParserMixin.parseImport (C:\Users\Prince yadav\OneDrive\Desktop\FloraAlchamy\Project_Source\Flora_Alchamy\node_modules\@babel\parser\lib\index.js:14264:17)
      at JSXParserMixin.parseStatementContent (C:\Users\Prince yadav\OneDrive\Desktop\FloraAlchamy\Project_Source\Flora_Alchamy\node_modules\@babel\parser\lib\index.js:12905:27)
      at JSXParserMixin.parseStatementLike (C:\Users\Prince yadav\OneDrive\Desktop\FloraAlchamy\Project_Source\Flora_Alchamy\node_modules\@babel\parser\lib\index.js:12796:17)
      at JSXParserMixin.parseModuleItem (C:\Users\Prince yadav\OneDrive\Desktop\FloraAlchamy\Project_Source\Flora_Alchamy\node_modules\@babel\parser\lib\index.js:12773:17)
      at JSXParserMixin.parseBlockOrModuleBlockBody (C:\Users\Prince yadav\OneDrive\Desktop\FloraAlchamy\Project_Source\Flora_Alchamy\node_modules\@babel\parser\lib\index.js:13345:36)
      at JSXParserMixin.parseBlockBody (C:\Users\Prince yadav\OneDrive\Desktop\FloraAlchamy\Project_Source\Flora_Alchamy\node_modules\@babel\parser\lib\index.js:13338:10)
      at JSXParserMixin.parseProgram (C:\Users\Prince yadav\OneDrive\Desktop\FloraAlchamy\Project_Source\Flora_Alchamy\node_modules\@babel\parser\lib\index.js:12651:10)
      at JSXParserMixin.parseTopLevel (C:\Users\Prince yadav\OneDrive\Desktop\FloraAlchamy\Project_Source\Flora_Alchamy\node_modules\@babel\parser\lib\index.js:12641:25)
      at JSXParserMixin.parse (C:\Users\Prince yadav\OneDrive\Desktop\FloraAlchamy\Project_Source\Flora_Alchamy\node_modules\@babel\parser\lib\index.js:14517:25)
      at parse (C:\Users\Prince yadav\OneDrive\Desktop\FloraAlchamy\Project_Source\Flora_Alchamy\node_modules\@babel\parser\lib\index.js:14551:38)
      at parser (C:\Users\Prince yadav\OneDrive\Desktop\FloraAlchamy\Project_Source\Flora_Alchamy\node_modules\@babel\core\lib\parser\index.js:41:34)
      at parser.next (<anonymous>)
      at normalizeFile (C:\Users\Prince yadav\OneDrive\Desktop\FloraAlchamy\Project_Source\Flora_Alchamy\node_modules\@babel\core\lib\transformation\normalize-file.js:51:37)
      at normalizeFile.next (<anonymous>)
      at run (C:\Users\Prince yadav\OneDrive\Desktop\FloraAlchamy\Project_Source\Flora_Alchamy\node_modules\@babel\core\lib\transformation\index.js:22:50)
      at run.next (<anonymous>)
      at transform (C:\Users\Prince yadav\OneDrive\Desktop\FloraAlchamy\Project_Source\Flora_Alchamy\node_modules\@babel\core\lib\transform.js:22:33)
      at transform.next (<anonymous>)
      at step (C:\Users\Prince yadav\OneDrive\Desktop\FloraAlchamy\Project_Source\Flora_Alchamy\node_modules\gensync\index.js:261:32)
      at C:\Users\Prince yadav\OneDrive\Desktop\FloraAlchamy\Project_Source\Flora_Alchamy\node_modules\gensync\index.js:273:13
      at async.call.result.err.err (C:\Users\Prince yadav\OneDrive\Desktop\FloraAlchamy\Project_Source\Flora_Alchamy\node_modules\gensync\index.js:223:11)
      at C:\Users\Prince yadav\OneDrive\Desktop\FloraAlchamy\Project_Source\Flora_Alchamy\node_modules\gensync\index.js:189:28
      at C:\Users\Prince yadav\OneDrive\Desktop\FloraAlchamy\Project_Source\Flora_Alchamy\node_modules\@babel\core\lib\gensync-utils\async.js:67:7
      at C:\Users\Prince yadav\OneDrive\Desktop\FloraAlchamy\Project_Source\Flora_Alchamy\node_modules\gensync\index.js:113:33
      at step (C:\Users\Prince yadav\OneDrive\Desktop\FloraAlchamy\Project_Source\Flora_Alchamy\node_modules\gensync\index.js:287:14)
      at C:\Users\Prince yadav\OneDrive\Desktop\FloraAlchamy\Project_Source\Flora_Alchamy\node_modules\gensync\index.js:273:13
      at async.call.result.err.err (C:\Users\Prince yadav\OneDrive\Desktop\FloraAlchamy\Project_Source\Flora_Alchamy\node_modules\gensync\index.js:223:11)
[2m11:47:19 pm[22m [31m[1m[vite][22m[39m Pre-transform error: C:\Users\Prince yadav\OneDrive\Desktop\FloraAlchamy\Project_Source\Flora_Alchamy\src\main.jsx: Identifier 'React' has already been declared. (3:7)

[0m [90m 1 |[39m [36mimport[39m [33mReact[39m [36mfrom[39m [32m'react'[39m[33m;[39m
 [90m 2 |[39m [36mimport[39m [33mReactDOM[39m [36mfrom[39m [32m'react-dom/client'[39m[33m;[39m
[31m[1m>[22m[39m[90m 3 |[39m [36mimport[39m [33mReact[39m [36mfrom[39m [32m'react'[39m[33m;[39m
 [90m   |[39m        [31m[1m^[22m[39m
 [90m 4 |[39m [36mimport[39m [33mReactDOM[39m [36mfrom[39m [32m'react-dom/client'[39m[33m;[39m
 [90m 5 |[39m [36mimport[39m { [33mBrowserRouter[39m } [36mfrom[39m [32m'react-router-dom'[39m[33m;[39m
 [90m 6 |[39m [36mimport[39m [33mApp[39m [36mfrom[39m [32m'./App.jsx'[39m[33m;[39m[0m
  Plugin: [35mvite:react-babel[39m
  File: [36mC:/Users/Prince yadav/OneDrive/Desktop/FloraAlchamy/Project_Source/Flora_Alchamy/src/main.jsx[39m:3:7
[33m  1  |  import React from 'react';
  2  |  import ReactDOM from 'react-dom/client';
  3  |  import React from 'react';
     |           ^
  4  |  import ReactDOM from 'react-dom/client';
  5  |  import { BrowserRouter } from 'react-router-dom';[39m
[2m11:47:19 pm[22m [31m[1m[vite][22m[39m [31mInternal server error: C:\Users\Prince yadav\OneDrive\Desktop\FloraAlchamy\Project_Source\Flora_Alchamy\src\main.jsx: Identifier 'React' has already been declared. (3:7)

[0m [90m 1 |[31m [36mimport[31m [33mReact[31m [36mfrom[31m [32m'react'[31m[33m;[31m
 [90m 2 |[31m [36mimport[31m [33mReactDOM[31m [36mfrom[31m [32m'react-dom/client'[31m[33m;[31m
[31m[1m>[22m[31m[90m 3 |[31m [36mimport[31m [33mReact[31m [36mfrom[31m [32m'react'[31m[33m;[31m
 [90m   |[31m        [31m[1m^[22m[31m
 [90m 4 |[31m [36mimport[31m [33mReactDOM[31m [36mfrom[31m [32m'react-dom/client'[31m[33m;[31m
 [90m 5 |[31m [36mimport[31m { [33mBrowserRouter[31m } [36mfrom[31m [32m'react-router-dom'[31m[33m;[31m
 [90m 6 |[31m [36mimport[31m [33mApp[31m [36mfrom[31m [32m'./App.jsx'[31m[33m;[31m[0m[39m
  Plugin: [35mvite:react-babel[39m
  File: [36mC:/Users/Prince yadav/OneDrive/Desktop/FloraAlchamy/Project_Source/Flora_Alchamy/src/main.jsx[39m:3:7
[33m  1  |  import React from 'react';
  2  |  import ReactDOM from 'react-dom/client';
  3  |  import React from 'react';
     |           ^
  4  |  import ReactDOM from 'react-dom/client';
  5  |  import { BrowserRouter } from 'react-router-dom';[39m
      at constructor (C:\Users\Prince yadav\OneDrive\Desktop\FloraAlchamy\Project_Source\Flora_Alchamy\node_modules\@babel\parser\lib\index.js:369:19)
      at JSXParserMixin.raise (C:\Users\Prince yadav\OneDrive\Desktop\FloraAlchamy\Project_Source\Flora_Alchamy\node_modules\@babel\parser\lib\index.js:6620:19)
      at ScopeHandler.checkRedeclarationInScope (C:\Users\Prince yadav\OneDrive\Desktop\FloraAlchamy\Project_Source\Flora_Alchamy\node_modules\@babel\parser\lib\index.js:1623:19)
      at ScopeHandler.declareName (C:\Users\Prince yadav\OneDrive\Desktop\FloraAlchamy\Project_Source\Flora_Alchamy\node_modules\@babel\parser\lib\index.js:1589:12)
      at JSXParserMixin.declareNameFromIdentifier (C:\Users\Prince yadav\OneDrive\Desktop\FloraAlchamy\Project_Source\Flora_Alchamy\node_modules\@babel\parser\lib\index.js:7588:16)
      at JSXParserMixin.checkIdentifier (C:\Users\Prince yadav\OneDrive\Desktop\FloraAlchamy\Project_Source\Flora_Alchamy\node_modules\@babel\parser\lib\index.js:7584:12)
      at JSXParserMixin.checkLVal (C:\Users\Prince yadav\OneDrive\Desktop\FloraAlchamy\Project_Source\Flora_Alchamy\node_modules\@babel\parser\lib\index.js:7521:12)
      at JSXParserMixin.finishImportSpecifier (C:\Users\Prince yadav\OneDrive\Desktop\FloraAlchamy\Project_Source\Flora_Alchamy\node_modules\@babel\parser\lib\index.js:14295:10)
      at JSXParserMixin.parseImportSpecifierLocal (C:\Users\Prince yadav\OneDrive\Desktop\FloraAlchamy\Project_Source\Flora_Alchamy\node_modules\@babel\parser\lib\index.js:14292:31)
      at JSXParserMixin.maybeParseDefaultImportSpecifier (C:\Users\Prince yadav\OneDrive\Desktop\FloraAlchamy\Project_Source\Flora_Alchamy\node_modules\@babel\parser\lib\index.js:14395:12)
      at JSXParserMixin.parseImportSpecifiersAndAfter (C:\Users\Prince yadav\OneDrive\Desktop\FloraAlchamy\Project_Source\Flora_Alchamy\node_modules\@babel\parser\lib\index.js:14268:29)
      at JSXParserMixin.parseImport (C:\Users\Prince yadav\OneDrive\Desktop\FloraAlchamy\Project_Source\Flora_Alchamy\node_modules\@babel\parser\lib\index.js:14264:17)
      at JSXParserMixin.parseStatementContent (C:\Users\Prince yadav\OneDrive\Desktop\FloraAlchamy\Project_Source\Flora_Alchamy\node_modules\@babel\parser\lib\index.js:12905:27)
      at JSXParserMixin.parseStatementLike (C:\Users\Prince yadav\OneDrive\Desktop\FloraAlchamy\Project_Source\Flora_Alchamy\node_modules\@babel\parser\lib\index.js:12796:17)
      at JSXParserMixin.parseModuleItem (C:\Users\Prince yadav\OneDrive\Desktop\FloraAlchamy\Project_Source\Flora_Alchamy\node_modules\@babel\parser\lib\index.js:12773:17)
      at JSXParserMixin.parseBlockOrModuleBlockBody (C:\Users\Prince yadav\OneDrive\Desktop\FloraAlchamy\Project_Source\Flora_Alchamy\node_modules\@babel\parser\lib\index.js:13345:36)
      at JSXParserMixin.parseBlockBody (C:\Users\Prince yadav\OneDrive\Desktop\FloraAlchamy\Project_Source\Flora_Alchamy\node_modules\@babel\parser\lib\index.js:13338:10)
      at JSXParserMixin.parseProgram (C:\Users\Prince yadav\OneDrive\Desktop\FloraAlchamy\Project_Source\Flora_Alchamy\node_modules\@babel\parser\lib\index.js:12651:10)
      at JSXParserMixin.parseTopLevel (C:\Users\Prince yadav\OneDrive\Desktop\FloraAlchamy\Project_Source\Flora_Alchamy\node_modules\@babel\parser\lib\index.js:12641:25)
      at JSXParserMixin.parse (C:\Users\Prince yadav\OneDrive\Desktop\FloraAlchamy\Project_Source\Flora_Alchamy\node_modules\@babel\parser\lib\index.js:14517:25)
      at parse (C:\Users\Prince yadav\OneDrive\Desktop\FloraAlchamy\Project_Source\Flora_Alchamy\node_modules\@babel\parser\lib\index.js:14551:38)
      at parser (C:\Users\Prince yadav\OneDrive\Desktop\FloraAlchamy\Project_Source\Flora_Alchamy\node_modules\@babel\core\lib\parser\index.js:41:34)
      at parser.next (<anonymous>)
      at normalizeFile (C:\Users\Prince yadav\OneDrive\Desktop\FloraAlchamy\Project_Source\Flora_Alchamy\node_modules\@babel\core\lib\transformation\normalize-file.js:51:37)
      at normalizeFile.next (<anonymous>)
      at run (C:\Users\Prince yadav\OneDrive\Desktop\FloraAlchamy\Project_Source\Flora_Alchamy\node_modules\@babel\core\lib\transformation\index.js:22:50)
      at run.next (<anonymous>)
      at transform (C:\Users\Prince yadav\OneDrive\Desktop\FloraAlchamy\Project_Source\Flora_Alchamy\node_modules\@babel\core\lib\transform.js:22:33)
      at transform.next (<anonymous>)
      at step (C:\Users\Prince yadav\OneDrive\Desktop\FloraAlchamy\Project_Source\Flora_Alchamy\node_modules\gensync\index.js:261:32)
      at C:\Users\Prince yadav\OneDrive\Desktop\FloraAlchamy\Project_Source\Flora_Alchamy\node_modules\gensync\index.js:273:13
      at async.call.result.err.err (C:\Users\Prince yadav\OneDrive\Desktop\FloraAlchamy\Project_Source\Flora_Alchamy\node_modules\gensync\index.js:223:11)
      at C:\Users\Prince yadav\OneDrive\Desktop\FloraAlchamy\Project_Source\Flora_Alchamy\node_modules\gensync\index.js:189:28
      at C:\Users\Prince yadav\OneDrive\Desktop\FloraAlchamy\Project_Source\Flora_Alchamy\node_modules\@babel\core\lib\gensync-utils\async.js:67:7
      at C:\Users\Prince yadav\OneDrive\Desktop\FloraAlchamy\Project_Source\Flora_Alchamy\node_modules\gensync\index.js:113:33
      at step (C:\Users\Prince yadav\OneDrive\Desktop\FloraAlchamy\Project_Source\Flora_Alchamy\node_modules\gensync\index.js:287:14)
      at C:\Users\Prince yadav\OneDrive\Desktop\FloraAlchamy\Project_Source\Flora_Alchamy\node_modules\gensync\index.js:273:13
      at async.call.result.err.err (C:\Users\Prince yadav\OneDrive\Desktop\FloraAlchamy\Project_Source\Flora_Alchamy\node_modules\gensync\index.js:223:11)
[2m11:47:27 pm[22m [31m[1m[vite][22m[39m Pre-transform error: C:\Users\Prince yadav\OneDrive\Desktop\FloraAlchamy\Project_Source\Flora_Alchamy\src\main.jsx: Identifier 'React' has already been declared. (3:7)

[0m [90m 1 |[39m [36mimport[39m [33mReact[39m [36mfrom[39m [32m'react'[39m[33m;[39m
 [90m 2 |[39m [36mimport[39m [33mReactDOM[39m [36mfrom[39m [32m'react-dom/client'[39m[33m;[39m
[31m[1m>[22m[39m[90m 3 |[39m [36mimport[39m [33mReact[39m [36mfrom[39m [32m'react'[39m[33m;[39m
 [90m   |[39m        [31m[1m^[22m[39m
 [90m 4 |[39m [36mimport[39m [33mReactDOM[39m [36mfrom[39m [32m'react-dom/client'[39m[33m;[39m
 [90m 5 |[39m [36mimport[39m { [33mBrowserRouter[39m } [36mfrom[39m [32m'react-router-dom'[39m[33m;[39m
 [90m 6 |[39m [36mimport[39m [33mApp[39m [36mfrom[39m [32m'./App.jsx'[39m[33m;[39m[0m
  Plugin: [35mvite:react-babel[39m
  File: [36mC:/Users/Prince yadav/OneDrive/Desktop/FloraAlchamy/Project_Source/Flora_Alchamy/src/main.jsx[39m:3:7
[33m  1  |  import React from 'react';
  2  |  import ReactDOM from 'react-dom/client';
  3  |  import React from 'react';
     |           ^
  4  |  import ReactDOM from 'react-dom/client';
  5  |  import { BrowserRouter } from 'react-router-dom';[39m
[2m11:47:27 pm[22m [31m[1m[vite][22m[39m [31mInternal server error: C:\Users\Prince yadav\OneDrive\Desktop\FloraAlchamy\Project_Source\Flora_Alchamy\src\main.jsx: Identifier 'React' has already been declared. (3:7)

[0m [90m 1 |[31m [36mimport[31m [33mReact[31m [36mfrom[31m [32m'react'[31m[33m;[31m
 [90m 2 |[31m [36mimport[31m [33mReactDOM[31m [36mfrom[31m [32m'react-dom/client'[31m[33m;[31m
[31m[1m>[22m[31m[90m 3 |[31m [36mimport[31m [33mReact[31m [36mfrom[31m [32m'react'[31m[33m;[31m
 [90m   |[31m        [31m[1m^[22m[31m
 [90m 4 |[31m [36mimport[31m [33mReactDOM[31m [36mfrom[31m [32m'react-dom/client'[31m[33m;[31m
 [90m 5 |[31m [36mimport[31m { [33mBrowserRouter[31m } [36mfrom[31m [32m'react-router-dom'[31m[33m;[31m
 [90m 6 |[31m [36mimport[31m [33mApp[31m [36mfrom[31m [32m'./App.jsx'[31m[33m;[31m[0m[39m
  Plugin: [35mvite:react-babel[39m
  File: [36mC:/Users/Prince yadav/OneDrive/Desktop/FloraAlchamy/Project_Source/Flora_Alchamy/src/main.jsx[39m:3:7
[33m  1  |  import React from 'react';
  2  |  import ReactDOM from 'react-dom/client';
  3  |  import React from 'react';
     |           ^
  4  |  import ReactDOM from 'react-dom/client';
  5  |  import { BrowserRouter } from 'react-router-dom';[39m
      at constructor (C:\Users\Prince yadav\OneDrive\Desktop\FloraAlchamy\Project_Source\Flora_Alchamy\node_modules\@babel\parser\lib\index.js:369:19)
      at JSXParserMixin.raise (C:\Users\Prince yadav\OneDrive\Desktop\FloraAlchamy\Project_Source\Flora_Alchamy\node_modules\@babel\parser\lib\index.js:6620:19)
      at ScopeHandler.checkRedeclarationInScope (C:\Users\Prince yadav\OneDrive\Desktop\FloraAlchamy\Project_Source\Flora_Alchamy\node_modules\@babel\parser\lib\index.js:1623:19)
      at ScopeHandler.declareName (C:\Users\Prince yadav\OneDrive\Desktop\FloraAlchamy\Project_Source\Flora_Alchamy\node_modules\@babel\parser\lib\index.js:1589:12)
      at JSXParserMixin.declareNameFromIdentifier (C:\Users\Prince yadav\OneDrive\Desktop\FloraAlchamy\Project_Source\Flora_Alchamy\node_modules\@babel\parser\lib\index.js:7588:16)
      at JSXParserMixin.checkIdentifier (C:\Users\Prince yadav\OneDrive\Desktop\FloraAlchamy\Project_Source\Flora_Alchamy\node_modules\@babel\parser\lib\index.js:7584:12)
      at JSXParserMixin.checkLVal (C:\Users\Prince yadav\OneDrive\Desktop\FloraAlchamy\Project_Source\Flora_Alchamy\node_modules\@babel\parser\lib\index.js:7521:12)
      at JSXParserMixin.finishImportSpecifier (C:\Users\Prince yadav\OneDrive\Desktop\FloraAlchamy\Project_Source\Flora_Alchamy\node_modules\@babel\parser\lib\index.js:14295:10)
      at JSXParserMixin.parseImportSpecifierLocal (C:\Users\Prince yadav\OneDrive\Desktop\FloraAlchamy\Project_Source\Flora_Alchamy\node_modules\@babel\parser\lib\index.js:14292:31)
      at JSXParserMixin.maybeParseDefaultImportSpecifier (C:\Users\Prince yadav\OneDrive\Desktop\FloraAlchamy\Project_Source\Flora_Alchamy\node_modules\@babel\parser\lib\index.js:14395:12)
      at JSXParserMixin.parseImportSpecifiersAndAfter (C:\Users\Prince yadav\OneDrive\Desktop\FloraAlchamy\Project_Source\Flora_Alchamy\node_modules\@babel\parser\lib\index.js:14268:29)
      at JSXParserMixin.parseImport (C:\Users\Prince yadav\OneDrive\Desktop\FloraAlchamy\Project_Source\Flora_Alchamy\node_modules\@babel\parser\lib\index.js:14264:17)
      at JSXParserMixin.parseStatementContent (C:\Users\Prince yadav\OneDrive\Desktop\FloraAlchamy\Project_Source\Flora_Alchamy\node_modules\@babel\parser\lib\index.js:12905:27)
      at JSXParserMixin.parseStatementLike (C:\Users\Prince yadav\OneDrive\Desktop\FloraAlchamy\Project_Source\Flora_Alchamy\node_modules\@babel\parser\lib\index.js:12796:17)
      at JSXParserMixin.parseModuleItem (C:\Users\Prince yadav\OneDrive\Desktop\FloraAlchamy\Project_Source\Flora_Alchamy\node_modules\@babel\parser\lib\index.js:12773:17)
      at JSXParserMixin.parseBlockOrModuleBlockBody (C:\Users\Prince yadav\OneDrive\Desktop\FloraAlchamy\Project_Source\Flora_Alchamy\node_modules\@babel\parser\lib\index.js:13345:36)
      at JSXParserMixin.parseBlockBody (C:\Users\Prince yadav\OneDrive\Desktop\FloraAlchamy\Project_Source\Flora_Alchamy\node_modules\@babel\parser\lib\index.js:13338:10)
      at JSXParserMixin.parseProgram (C:\Users\Prince yadav\OneDrive\Desktop\FloraAlchamy\Project_Source\Flora_Alchamy\node_modules\@babel\parser\lib\index.js:12651:10)
      at JSXParserMixin.parseTopLevel (C:\Users\Prince yadav\OneDrive\Desktop\FloraAlchamy\Project_Source\Flora_Alchamy\node_modules\@babel\parser\lib\index.js:12641:25)
      at JSXParserMixin.parse (C:\Users\Prince yadav\OneDrive\Desktop\FloraAlchamy\Project_Source\Flora_Alchamy\node_modules\@babel\parser\lib\index.js:14517:25)
      at parse (C:\Users\Prince yadav\OneDrive\Desktop\FloraAlchamy\Project_Source\Flora_Alchamy\node_modules\@babel\parser\lib\index.js:14551:38)
      at parser (C:\Users\Prince yadav\OneDrive\Desktop\FloraAlchamy\Project_Source\Flora_Alchamy\node_modules\@babel\core\lib\parser\index.js:41:34)
      at parser.next (<anonymous>)
      at normalizeFile (C:\Users\Prince yadav\OneDrive\Desktop\FloraAlchamy\Project_Source\Flora_Alchamy\node_modules\@babel\core\lib\transformation\normalize-file.js:51:37)
      at normalizeFile.next (<anonymous>)
      at run (C:\Users\Prince yadav\OneDrive\Desktop\FloraAlchamy\Project_Source\Flora_Alchamy\node_modules\@babel\core\lib\transformation\index.js:22:50)
      at run.next (<anonymous>)
      at transform (C:\Users\Prince yadav\OneDrive\Desktop\FloraAlchamy\Project_Source\Flora_Alchamy\node_modules\@babel\core\lib\transform.js:22:33)
      at transform.next (<anonymous>)
      at step (C:\Users\Prince yadav\OneDrive\Desktop\FloraAlchamy\Project_Source\Flora_Alchamy\node_modules\gensync\index.js:261:32)
      at C:\Users\Prince yadav\OneDrive\Desktop\FloraAlchamy\Project_Source\Flora_Alchamy\node_modules\gensync\index.js:273:13
      at async.call.result.err.err (C:\Users\Prince yadav\OneDrive\Desktop\FloraAlchamy\Project_Source\Flora_Alchamy\node_modules\gensync\index.js:223:11)
      at C:\Users\Prince yadav\OneDrive\Desktop\FloraAlchamy\Project_Source\Flora_Alchamy\node_modules\gensync\index.js:189:28
      at C:\Users\Prince yadav\OneDrive\Desktop\FloraAlchamy\Project_Source\Flora_Alchamy\node_modules\@babel\core\lib\gensync-utils\async.js:67:7
      at C:\Users\Prince yadav\OneDrive\Desktop\FloraAlchamy\Project_Source\Flora_Alchamy\node_modules\gensync\index.js:113:33
      at step (C:\Users\Prince yadav\OneDrive\Desktop\FloraAlchamy\Project_Source\Flora_Alchamy\node_modules\gensync\index.js:287:14)
      at C:\Users\Prince yadav\OneDrive\Desktop\FloraAlchamy\Project_Source\Flora_Alchamy\node_modules\gensync\index.js:273:13
      at async.call.result.err.err (C:\Users\Prince yadav\OneDrive\Desktop\FloraAlchamy\Project_Source\Flora_Alchamy\node_modules\gensync\index.js:223:11)
[2m11:47:37 pm[22m [31m[1m[vite][22m[39m Pre-transform error: C:\Users\Prince yadav\OneDrive\Desktop\FloraAlchamy\Project_Source\Flora_Alchamy\src\main.jsx: Identifier 'React' has already been declared. (3:7)

[0m [90m 1 |[39m [36mimport[39m [33mReact[39m [36mfrom[39m [32m'react'[39m[33m;[39m
 [90m 2 |[39m [36mimport[39m [33mReactDOM[39m [36mfrom[39m [32m'react-dom/client'[39m[33m;[39m
[31m[1m>[22m[39m[90m 3 |[39m [36mimport[39m [33mReact[39m [36mfrom[39m [32m'react'[39m[33m;[39m
 [90m   |[39m        [31m[1m^[22m[39m
 [90m 4 |[39m [36mimport[39m [33mReactDOM[39m [36mfrom[39m [32m'react-dom/client'[39m[33m;[39m
 [90m 5 |[39m [36mimport[39m { [33mBrowserRouter[39m } [36mfrom[39m [32m'react-router-dom'[39m[33m;[39m
 [90m 6 |[39m [36mimport[39m [33mApp[39m [36mfrom[39m [32m'./App.jsx'[39m[33m;[39m[0m
  Plugin: [35mvite:react-babel[39m
  File: [36mC:/Users/Prince yadav/OneDrive/Desktop/FloraAlchamy/Project_Source/Flora_Alchamy/src/main.jsx[39m:3:7
[33m  1  |  import React from 'react';
  2  |  import ReactDOM from 'react-dom/client';
  3  |  import React from 'react';
     |           ^
  4  |  import ReactDOM from 'react-dom/client';
  5  |  import { BrowserRouter } from 'react-router-dom';[39m
[2m11:47:37 pm[22m [31m[1m[vite][22m[39m [31mInternal server error: C:\Users\Prince yadav\OneDrive\Desktop\FloraAlchamy\Project_Source\Flora_Alchamy\src\main.jsx: Identifier 'React' has already been declared. (3:7)

[0m [90m 1 |[31m [36mimport[31m [33mReact[31m [36mfrom[31m [32m'react'[31m[33m;[31m
 [90m 2 |[31m [36mimport[31m [33mReactDOM[31m [36mfrom[31m [32m'react-dom/client'[31m[33m;[31m
[31m[1m>[22m[31m[90m 3 |[31m [36mimport[31m [33mReact[31m [36mfrom[31m [32m'react'[31m[33m;[31m
 [90m   |[31m        [31m[1m^[22m[31m
 [90m 4 |[31m [36mimport[31m [33mReactDOM[31m [36mfrom[31m [32m'react-dom/client'[31m[33m;[31m
 [90m 5 |[31m [36mimport[31m { [33mBrowserRouter[31m } [36mfrom[31m [32m'react-router-dom'[31m[33m;[31m
 [90m 6 |[31m [36mimport[31m [33mApp[31m [36mfrom[31m [32m'./App.jsx'[31m[33m;[31m[0m[39m
  Plugin: [35mvite:react-babel[39m
  File: [36mC:/Users/Prince yadav/OneDrive/Desktop/FloraAlchamy/Project_Source/Flora_Alchamy/src/main.jsx[39m:3:7
[33m  1  |  import React from 'react';
  2  |  import ReactDOM from 'react-dom/client';
  3  |  import React from 'react';
     |           ^
  4  |  import ReactDOM from 'react-dom/client';
  5  |  import { BrowserRouter } from 'react-router-dom';[39m
      at constructor (C:\Users\Prince yadav\OneDrive\Desktop\FloraAlchamy\Project_Source\Flora_Alchamy\node_modules\@babel\parser\lib\index.js:369:19)
      at JSXParserMixin.raise (C:\Users\Prince yadav\OneDrive\Desktop\FloraAlchamy\Project_Source\Flora_Alchamy\node_modules\@babel\parser\lib\index.js:6620:19)
      at ScopeHandler.checkRedeclarationInScope (C:\Users\Prince yadav\OneDrive\Desktop\FloraAlchamy\Project_Source\Flora_Alchamy\node_modules\@babel\parser\lib\index.js:1623:19)
      at ScopeHandler.declareName (C:\Users\Prince yadav\OneDrive\Desktop\FloraAlchamy\Project_Source\Flora_Alchamy\node_modules\@babel\parser\lib\index.js:1589:12)
      at JSXParserMixin.declareNameFromIdentifier (C:\Users\Prince yadav\OneDrive\Desktop\FloraAlchamy\Project_Source\Flora_Alchamy\node_modules\@babel\parser\lib\index.js:7588:16)
      at JSXParserMixin.checkIdentifier (C:\Users\Prince yadav\OneDrive\Desktop\FloraAlchamy\Project_Source\Flora_Alchamy\node_modules\@babel\parser\lib\index.js:7584:12)
      at JSXParserMixin.checkLVal (C:\Users\Prince yadav\OneDrive\Desktop\FloraAlchamy\Project_Source\Flora_Alchamy\node_modules\@babel\parser\lib\index.js:7521:12)
      at JSXParserMixin.finishImportSpecifier (C:\Users\Prince yadav\OneDrive\Desktop\FloraAlchamy\Project_Source\Flora_Alchamy\node_modules\@babel\parser\lib\index.js:14295:10)
      at JSXParserMixin.parseImportSpecifierLocal (C:\Users\Prince yadav\OneDrive\Desktop\FloraAlchamy\Project_Source\Flora_Alchamy\node_modules\@babel\parser\lib\index.js:14292:31)
      at JSXParserMixin.maybeParseDefaultImportSpecifier (C:\Users\Prince yadav\OneDrive\Desktop\FloraAlchamy\Project_Source\Flora_Alchamy\node_modules\@babel\parser\lib\index.js:14395:12)
      at JSXParserMixin.parseImportSpecifiersAndAfter (C:\Users\Prince yadav\OneDrive\Desktop\FloraAlchamy\Project_Source\Flora_Alchamy\node_modules\@babel\parser\lib\index.js:14268:29)
      at JSXParserMixin.parseImport (C:\Users\Prince yadav\OneDrive\Desktop\FloraAlchamy\Project_Source\Flora_Alchamy\node_modules\@babel\parser\lib\index.js:14264:17)
      at JSXParserMixin.parseStatementContent (C:\Users\Prince yadav\OneDrive\Desktop\FloraAlchamy\Project_Source\Flora_Alchamy\node_modules\@babel\parser\lib\index.js:12905:27)
      at JSXParserMixin.parseStatementLike (C:\Users\Prince yadav\OneDrive\Desktop\FloraAlchamy\Project_Source\Flora_Alchamy\node_modules\@babel\parser\lib\index.js:12796:17)
      at JSXParserMixin.parseModuleItem (C:\Users\Prince yadav\OneDrive\Desktop\FloraAlchamy\Project_Source\Flora_Alchamy\node_modules\@babel\parser\lib\index.js:12773:17)
      at JSXParserMixin.parseBlockOrModuleBlockBody (C:\Users\Prince yadav\OneDrive\Desktop\FloraAlchamy\Project_Source\Flora_Alchamy\node_modules\@babel\parser\lib\index.js:13345:36)
      at JSXParserMixin.parseBlockBody (C:\Users\Prince yadav\OneDrive\Desktop\FloraAlchamy\Project_Source\Flora_Alchamy\node_modules\@babel\parser\lib\index.js:13338:10)
      at JSXParserMixin.parseProgram (C:\Users\Prince yadav\OneDrive\Desktop\FloraAlchamy\Project_Source\Flora_Alchamy\node_modules\@babel\parser\lib\index.js:12651:10)
      at JSXParserMixin.parseTopLevel (C:\Users\Prince yadav\OneDrive\Desktop\FloraAlchamy\Project_Source\Flora_Alchamy\node_modules\@babel\parser\lib\index.js:12641:25)
      at JSXParserMixin.parse (C:\Users\Prince yadav\OneDrive\Desktop\FloraAlchamy\Project_Source\Flora_Alchamy\node_modules\@babel\parser\lib\index.js:14517:25)
      at parse (C:\Users\Prince yadav\OneDrive\Desktop\FloraAlchamy\Project_Source\Flora_Alchamy\node_modules\@babel\parser\lib\index.js:14551:38)
      at parser (C:\Users\Prince yadav\OneDrive\Desktop\FloraAlchamy\Project_Source\Flora_Alchamy\node_modules\@babel\core\lib\parser\index.js:41:34)
      at parser.next (<anonymous>)
      at normalizeFile (C:\Users\Prince yadav\OneDrive\Desktop\FloraAlchamy\Project_Source\Flora_Alchamy\node_modules\@babel\core\lib\transformation\normalize-file.js:51:37)
      at normalizeFile.next (<anonymous>)
      at run (C:\Users\Prince yadav\OneDrive\Desktop\FloraAlchamy\Project_Source\Flora_Alchamy\node_modules\@babel\core\lib\transformation\index.js:22:50)
      at run.next (<anonymous>)
      at transform (C:\Users\Prince yadav\OneDrive\Desktop\FloraAlchamy\Project_Source\Flora_Alchamy\node_modules\@babel\core\lib\transform.js:22:33)
      at transform.next (<anonymous>)
      at step (C:\Users\Prince yadav\OneDrive\Desktop\FloraAlchamy\Project_Source\Flora_Alchamy\node_modules\gensync\index.js:261:32)
      at C:\Users\Prince yadav\OneDrive\Desktop\FloraAlchamy\Project_Source\Flora_Alchamy\node_modules\gensync\index.js:273:13
      at async.call.result.err.err (C:\Users\Prince yadav\OneDrive\Desktop\FloraAlchamy\Project_Source\Flora_Alchamy\node_modules\gensync\index.js:223:11)
      at C:\Users\Prince yadav\OneDrive\Desktop\FloraAlchamy\Project_Source\Flora_Alchamy\node_modules\gensync\index.js:189:28
      at C:\Users\Prince yadav\OneDrive\Desktop\FloraAlchamy\Project_Source\Flora_Alchamy\node_modules\@babel\core\lib\gensync-utils\async.js:67:7
      at C:\Users\Prince yadav\OneDrive\Desktop\FloraAlchamy\Project_Source\Flora_Alchamy\node_modules\gensync\index.js:113:33
      at step (C:\Users\Prince yadav\OneDrive\Desktop\FloraAlchamy\Project_Source\Flora_Alchamy\node_modules\gensync\index.js:287:14)
      at C:\Users\Prince yadav\OneDrive\Desktop\FloraAlchamy\Project_Source\Flora_Alchamy\node_modules\gensync\index.js:273:13
      at async.call.result.err.err (C:\Users\Prince yadav\OneDrive\Desktop\FloraAlchamy\Project_Source\Flora_Alchamy\node_modules\gensync\index.js:223:11)
[2m11:47:47 pm[22m [31m[1m[vite][22m[39m Pre-transform error: C:\Users\Prince yadav\OneDrive\Desktop\FloraAlchamy\Project_Source\Flora_Alchamy\src\main.jsx: Identifier 'React' has already been declared. (3:7)

[0m [90m 1 |[39m [36mimport[39m [33mReact[39m [36mfrom[39m [32m'react'[39m[33m;[39m
 [90m 2 |[39m [36mimport[39m [33mReactDOM[39m [36mfrom[39m [32m'react-dom/client'[39m[33m;[39m
[31m[1m>[22m[39m[90m 3 |[39m [36mimport[39m [33mReact[39m [36mfrom[39m [32m'react'[39m[33m;[39m
 [90m   |[39m        [31m[1m^[22m[39m
 [90m 4 |[39m [36mimport[39m [33mReactDOM[39m [36mfrom[39m [32m'react-dom/client'[39m[33m;[39m
 [90m 5 |[39m [36mimport[39m { [33mBrowserRouter[39m } [36mfrom[39m [32m'react-router-dom'[39m[33m;[39m
 [90m 6 |[39m [36mimport[39m [33mApp[39m [36mfrom[39m [32m'./App.jsx'[39m[33m;[39m[0m
  Plugin: [35mvite:react-babel[39m
  File: [36mC:/Users/Prince yadav/OneDrive/Desktop/FloraAlchamy/Project_Source/Flora_Alchamy/src/main.jsx[39m:3:7
[33m  1  |  import React from 'react';
  2  |  import ReactDOM from 'react-dom/client';
  3  |  import React from 'react';
     |           ^
  4  |  import ReactDOM from 'react-dom/client';
  5  |  import { BrowserRouter } from 'react-router-dom';[39m
[2m11:47:47 pm[22m [31m[1m[vite][22m[39m [31mInternal server error: C:\Users\Prince yadav\OneDrive\Desktop\FloraAlchamy\Project_Source\Flora_Alchamy\src\main.jsx: Identifier 'React' has already been declared. (3:7)

[0m [90m 1 |[31m [36mimport[31m [33mReact[31m [36mfrom[31m [32m'react'[31m[33m;[31m
 [90m 2 |[31m [36mimport[31m [33mReactDOM[31m [36mfrom[31m [32m'react-dom/client'[31m[33m;[31m
[31m[1m>[22m[31m[90m 3 |[31m [36mimport[31m [33mReact[31m [36mfrom[31m [32m'react'[31m[33m;[31m
 [90m   |[31m        [31m[1m^[22m[31m
 [90m 4 |[31m [36mimport[31m [33mReactDOM[31m [36mfrom[31m [32m'react-dom/client'[31m[33m;[31m
 [90m 5 |[31m [36mimport[31m { [33mBrowserRouter[31m } [36mfrom[31m [32m'react-router-dom'[31m[33m;[31m
 [90m 6 |[31m [36mimport[31m [33mApp[31m [36mfrom[31m [32m'./App.jsx'[31m[33m;[31m[0m[39m
  Plugin: [35mvite:react-babel[39m
  File: [36mC:/Users/Prince yadav/OneDrive/Desktop/FloraAlchamy/Project_Source/Flora_Alchamy/src/main.jsx[39m:3:7
[33m  1  |  import React from 'react';
  2  |  import ReactDOM from 'react-dom/client';
  3  |  import React from 'react';
     |           ^
  4  |  import ReactDOM from 'react-dom/client';
  5  |  import { BrowserRouter } from 'react-router-dom';[39m
      at constructor (C:\Users\Prince yadav\OneDrive\Desktop\FloraAlchamy\Project_Source\Flora_Alchamy\node_modules\@babel\parser\lib\index.js:369:19)
      at JSXParserMixin.raise (C:\Users\Prince yadav\OneDrive\Desktop\FloraAlchamy\Project_Source\Flora_Alchamy\node_modules\@babel\parser\lib\index.js:6620:19)
      at ScopeHandler.checkRedeclarationInScope (C:\Users\Prince yadav\OneDrive\Desktop\FloraAlchamy\Project_Source\Flora_Alchamy\node_modules\@babel\parser\lib\index.js:1623:19)
      at ScopeHandler.declareName (C:\Users\Prince yadav\OneDrive\Desktop\FloraAlchamy\Project_Source\Flora_Alchamy\node_modules\@babel\parser\lib\index.js:1589:12)
      at JSXParserMixin.declareNameFromIdentifier (C:\Users\Prince yadav\OneDrive\Desktop\FloraAlchamy\Project_Source\Flora_Alchamy\node_modules\@babel\parser\lib\index.js:7588:16)
      at JSXParserMixin.checkIdentifier (C:\Users\Prince yadav\OneDrive\Desktop\FloraAlchamy\Project_Source\Flora_Alchamy\node_modules\@babel\parser\lib\index.js:7584:12)
      at JSXParserMixin.checkLVal (C:\Users\Prince yadav\OneDrive\Desktop\FloraAlchamy\Project_Source\Flora_Alchamy\node_modules\@babel\parser\lib\index.js:7521:12)
      at JSXParserMixin.finishImportSpecifier (C:\Users\Prince yadav\OneDrive\Desktop\FloraAlchamy\Project_Source\Flora_Alchamy\node_modules\@babel\parser\lib\index.js:14295:10)
      at JSXParserMixin.parseImportSpecifierLocal (C:\Users\Prince yadav\OneDrive\Desktop\FloraAlchamy\Project_Source\Flora_Alchamy\node_modules\@babel\parser\lib\index.js:14292:31)
      at JSXParserMixin.maybeParseDefaultImportSpecifier (C:\Users\Prince yadav\OneDrive\Desktop\FloraAlchamy\Project_Source\Flora_Alchamy\node_modules\@babel\parser\lib\index.js:14395:12)
      at JSXParserMixin.parseImportSpecifiersAndAfter (C:\Users\Prince yadav\OneDrive\Desktop\FloraAlchamy\Project_Source\Flora_Alchamy\node_modules\@babel\parser\lib\index.js:14268:29)
      at JSXParserMixin.parseImport (C:\Users\Prince yadav\OneDrive\Desktop\FloraAlchamy\Project_Source\Flora_Alchamy\node_modules\@babel\parser\lib\index.js:14264:17)
      at JSXParserMixin.parseStatementContent (C:\Users\Prince yadav\OneDrive\Desktop\FloraAlchamy\Project_Source\Flora_Alchamy\node_modules\@babel\parser\lib\index.js:12905:27)
      at JSXParserMixin.parseStatementLike (C:\Users\Prince yadav\OneDrive\Desktop\FloraAlchamy\Project_Source\Flora_Alchamy\node_modules\@babel\parser\lib\index.js:12796:17)
      at JSXParserMixin.parseModuleItem (C:\Users\Prince yadav\OneDrive\Desktop\FloraAlchamy\Project_Source\Flora_Alchamy\node_modules\@babel\parser\lib\index.js:12773:17)
      at JSXParserMixin.parseBlockOrModuleBlockBody (C:\Users\Prince yadav\OneDrive\Desktop\FloraAlchamy\Project_Source\Flora_Alchamy\node_modules\@babel\parser\lib\index.js:13345:36)
      at JSXParserMixin.parseBlockBody (C:\Users\Prince yadav\OneDrive\Desktop\FloraAlchamy\Project_Source\Flora_Alchamy\node_modules\@babel\parser\lib\index.js:13338:10)
      at JSXParserMixin.parseProgram (C:\Users\Prince yadav\OneDrive\Desktop\FloraAlchamy\Project_Source\Flora_Alchamy\node_modules\@babel\parser\lib\index.js:12651:10)
      at JSXParserMixin.parseTopLevel (C:\Users\Prince yadav\OneDrive\Desktop\FloraAlchamy\Project_Source\Flora_Alchamy\node_modules\@babel\parser\lib\index.js:12641:25)
      at JSXParserMixin.parse (C:\Users\Prince yadav\OneDrive\Desktop\FloraAlchamy\Project_Source\Flora_Alchamy\node_modules\@babel\parser\lib\index.js:14517:25)
      at parse (C:\Users\Prince yadav\OneDrive\Desktop\FloraAlchamy\Project_Source\Flora_Alchamy\node_modules\@babel\parser\lib\index.js:14551:38)
      at parser (C:\Users\Prince yadav\OneDrive\Desktop\FloraAlchamy\Project_Source\Flora_Alchamy\node_modules\@babel\core\lib\parser\index.js:41:34)
      at parser.next (<anonymous>)
      at normalizeFile (C:\Users\Prince yadav\OneDrive\Desktop\FloraAlchamy\Project_Source\Flora_Alchamy\node_modules\@babel\core\lib\transformation\normalize-file.js:51:37)
      at normalizeFile.next (<anonymous>)
      at run (C:\Users\Prince yadav\OneDrive\Desktop\FloraAlchamy\Project_Source\Flora_Alchamy\node_modules\@babel\core\lib\transformation\index.js:22:50)
      at run.next (<anonymous>)
      at transform (C:\Users\Prince yadav\OneDrive\Desktop\FloraAlchamy\Project_Source\Flora_Alchamy\node_modules\@babel\core\lib\transform.js:22:33)
      at transform.next (<anonymous>)
      at step (C:\Users\Prince yadav\OneDrive\Desktop\FloraAlchamy\Project_Source\Flora_Alchamy\node_modules\gensync\index.js:261:32)
      at C:\Users\Prince yadav\OneDrive\Desktop\FloraAlchamy\Project_Source\Flora_Alchamy\node_modules\gensync\index.js:273:13
      at async.call.result.err.err (C:\Users\Prince yadav\OneDrive\Desktop\FloraAlchamy\Project_Source\Flora_Alchamy\node_modules\gensync\index.js:223:11)
      at C:\Users\Prince yadav\OneDrive\Desktop\FloraAlchamy\Project_Source\Flora_Alchamy\node_modules\gensync\index.js:189:28
      at C:\Users\Prince yadav\OneDrive\Desktop\FloraAlchamy\Project_Source\Flora_Alchamy\node_modules\@babel\core\lib\gensync-utils\async.js:67:7
      at C:\Users\Prince yadav\OneDrive\Desktop\FloraAlchamy\Project_Source\Flora_Alchamy\node_modules\gensync\index.js:113:33
      at step (C:\Users\Prince yadav\OneDrive\Desktop\FloraAlchamy\Project_Source\Flora_Alchamy\node_modules\gensync\index.js:287:14)
      at C:\Users\Prince yadav\OneDrive\Desktop\FloraAlchamy\Project_Source\Flora_Alchamy\node_modules\gensync\index.js:273:13
      at async.call.result.err.err (C:\Users\Prince yadav\OneDrive\Desktop\FloraAlchamy\Project_Source\Flora_Alchamy\node_modules\gensync\index.js:223:11)
